Archive member included to satisfy reference by file (symbol)

C:/ST/STM32CubeIDE_1.19.0/STM32CubeIDE/plugins/com.st.stm32cube.ide.mcu.externaltools.gnu-tools-for-stm32.13.3.rel1.win32_1.0.0.202411081344/tools/bin/../lib/gcc/arm-none-eabi/13.3.1/../../../../arm-none-eabi/lib/thumb/v7e-m+dp/hard\libc_nano.a(libc_a-exit.o)
                              C:/ST/STM32CubeIDE_1.19.0/STM32CubeIDE/plugins/com.st.stm32cube.ide.mcu.externaltools.gnu-tools-for-stm32.13.3.rel1.win32_1.0.0.202411081344/tools/bin/../lib/gcc/arm-none-eabi/13.3.1/../../../../arm-none-eabi/lib/thumb/v7e-m+dp/hard/crt0.o (exit)
C:/ST/STM32CubeIDE_1.19.0/STM32CubeIDE/plugins/com.st.stm32cube.ide.mcu.externaltools.gnu-tools-for-stm32.13.3.rel1.win32_1.0.0.202411081344/tools/bin/../lib/gcc/arm-none-eabi/13.3.1/../../../../arm-none-eabi/lib/thumb/v7e-m+dp/hard\libc_nano.a(libc_a-findfp.o)
                              C:/ST/STM32CubeIDE_1.19.0/STM32CubeIDE/plugins/com.st.stm32cube.ide.mcu.externaltools.gnu-tools-for-stm32.13.3.rel1.win32_1.0.0.202411081344/tools/bin/../lib/gcc/arm-none-eabi/13.3.1/../../../../arm-none-eabi/lib/thumb/v7e-m+dp/hard\libc_nano.a(libc_a-exit.o) (__stdio_exit_handler)
C:/ST/STM32CubeIDE_1.19.0/STM32CubeIDE/plugins/com.st.stm32cube.ide.mcu.externaltools.gnu-tools-for-stm32.13.3.rel1.win32_1.0.0.202411081344/tools/bin/../lib/gcc/arm-none-eabi/13.3.1/../../../../arm-none-eabi/lib/thumb/v7e-m+dp/hard\libc_nano.a(libc_a-fwalk.o)
                              C:/ST/STM32CubeIDE_1.19.0/STM32CubeIDE/plugins/com.st.stm32cube.ide.mcu.externaltools.gnu-tools-for-stm32.13.3.rel1.win32_1.0.0.202411081344/tools/bin/../lib/gcc/arm-none-eabi/13.3.1/../../../../arm-none-eabi/lib/thumb/v7e-m+dp/hard\libc_nano.a(libc_a-findfp.o) (_fwalk_sglue)
C:/ST/STM32CubeIDE_1.19.0/STM32CubeIDE/plugins/com.st.stm32cube.ide.mcu.externaltools.gnu-tools-for-stm32.13.3.rel1.win32_1.0.0.202411081344/tools/bin/../lib/gcc/arm-none-eabi/13.3.1/../../../../arm-none-eabi/lib/thumb/v7e-m+dp/hard\libc_nano.a(libc_a-printf.o)
                              ./Core/Src/main.o (printf)
C:/ST/STM32CubeIDE_1.19.0/STM32CubeIDE/plugins/com.st.stm32cube.ide.mcu.externaltools.gnu-tools-for-stm32.13.3.rel1.win32_1.0.0.202411081344/tools/bin/../lib/gcc/arm-none-eabi/13.3.1/../../../../arm-none-eabi/lib/thumb/v7e-m+dp/hard\libc_nano.a(libc_a-puts.o)
                              ./Core/Src/main.o (puts)
C:/ST/STM32CubeIDE_1.19.0/STM32CubeIDE/plugins/com.st.stm32cube.ide.mcu.externaltools.gnu-tools-for-stm32.13.3.rel1.win32_1.0.0.202411081344/tools/bin/../lib/gcc/arm-none-eabi/13.3.1/../../../../arm-none-eabi/lib/thumb/v7e-m+dp/hard\libc_nano.a(libc_a-stdio.o)
                              C:/ST/STM32CubeIDE_1.19.0/STM32CubeIDE/plugins/com.st.stm32cube.ide.mcu.externaltools.gnu-tools-for-stm32.13.3.rel1.win32_1.0.0.202411081344/tools/bin/../lib/gcc/arm-none-eabi/13.3.1/../../../../arm-none-eabi/lib/thumb/v7e-m+dp/hard\libc_nano.a(libc_a-findfp.o) (__sread)
C:/ST/STM32CubeIDE_1.19.0/STM32CubeIDE/plugins/com.st.stm32cube.ide.mcu.externaltools.gnu-tools-for-stm32.13.3.rel1.win32_1.0.0.202411081344/tools/bin/../lib/gcc/arm-none-eabi/13.3.1/../../../../arm-none-eabi/lib/thumb/v7e-m+dp/hard\libc_nano.a(libc_a-wbuf.o)
                              C:/ST/STM32CubeIDE_1.19.0/STM32CubeIDE/plugins/com.st.stm32cube.ide.mcu.externaltools.gnu-tools-for-stm32.13.3.rel1.win32_1.0.0.202411081344/tools/bin/../lib/gcc/arm-none-eabi/13.3.1/../../../../arm-none-eabi/lib/thumb/v7e-m+dp/hard\libc_nano.a(libc_a-puts.o) (__swbuf_r)
C:/ST/STM32CubeIDE_1.19.0/STM32CubeIDE/plugins/com.st.stm32cube.ide.mcu.externaltools.gnu-tools-for-stm32.13.3.rel1.win32_1.0.0.202411081344/tools/bin/../lib/gcc/arm-none-eabi/13.3.1/../../../../arm-none-eabi/lib/thumb/v7e-m+dp/hard\libc_nano.a(libc_a-wsetup.o)
                              C:/ST/STM32CubeIDE_1.19.0/STM32CubeIDE/plugins/com.st.stm32cube.ide.mcu.externaltools.gnu-tools-for-stm32.13.3.rel1.win32_1.0.0.202411081344/tools/bin/../lib/gcc/arm-none-eabi/13.3.1/../../../../arm-none-eabi/lib/thumb/v7e-m+dp/hard\libc_nano.a(libc_a-puts.o) (__swsetup_r)
C:/ST/STM32CubeIDE_1.19.0/STM32CubeIDE/plugins/com.st.stm32cube.ide.mcu.externaltools.gnu-tools-for-stm32.13.3.rel1.win32_1.0.0.202411081344/tools/bin/../lib/gcc/arm-none-eabi/13.3.1/../../../../arm-none-eabi/lib/thumb/v7e-m+dp/hard\libc_nano.a(libc_a-memset.o)
                              C:/ST/STM32CubeIDE_1.19.0/STM32CubeIDE/plugins/com.st.stm32cube.ide.mcu.externaltools.gnu-tools-for-stm32.13.3.rel1.win32_1.0.0.202411081344/tools/bin/../lib/gcc/arm-none-eabi/13.3.1/../../../../arm-none-eabi/lib/thumb/v7e-m+dp/hard/crt0.o (memset)
C:/ST/STM32CubeIDE_1.19.0/STM32CubeIDE/plugins/com.st.stm32cube.ide.mcu.externaltools.gnu-tools-for-stm32.13.3.rel1.win32_1.0.0.202411081344/tools/bin/../lib/gcc/arm-none-eabi/13.3.1/../../../../arm-none-eabi/lib/thumb/v7e-m+dp/hard\libc_nano.a(libc_a-closer.o)
[...]
Memory Configuration

Name             Origin             Length             Attributes
FLASH            0x08000000         0x00200000         xr
DTCMRAM          0x20000000         0x00020000         xrw
RAM_D1           0x24000000         0x00080000         xrw
RAM_D2           0x30000000         0x00048000         xrw
RAM_D3           0x38000000         0x00010000         xrw
ITCMRAM          0x00000000         0x00010000         xrw
*default*        0x00000000         0xffffffff

Linker script and memory map

LOAD C:/ST/STM32CubeIDE_1.19.0/STM32CubeIDE/plugins/com.st.stm32cube.ide.mcu.externaltools.gnu-tools-for-stm32.13.3.rel1.win32_1.0.0.202411081344/tools/bin/../lib/gcc/arm-none-eabi/13.3.1/thumb/v7e-m+dp/hard/crti.o
LOAD C:/ST/STM32CubeIDE_1.19.0/STM32CubeIDE/plugins/com.st.stm32cube.ide.mcu.externaltools.gnu-tools-for-stm32.13.3.rel1.win32_1.0.0.202411081344/tools/bin/../lib/gcc/arm-none-eabi/13.3.1/thumb/v7e-m+dp/hard/crtbegin.o
LOAD C:/ST/STM32CubeIDE_1.19.0/STM32CubeIDE/plugins/com.st.stm32cube.ide.mcu.externaltools.gnu-tools-for-stm32.13.3.rel1.win32_1.0.0.202411081344/tools/bin/../lib/gcc/arm-none-eabi/13.3.1/../../../../arm-none-eabi/lib/thumb/v7e-m+dp/hard/crt0.o
LOAD ./Core/Src/main.o
LOAD ./Core/Src/stm32h7xx_hal_msp.o
LOAD ./Core/Src/stm32h7xx_it.o
LOAD ./Core/Src/syscalls.o
LOAD ./Core/Src/sysmem.o
LOAD ./Core/Src/system_stm32h7xx.o
LOAD ./Core/Startup/startup_stm32h743vitx.o
LOAD ./Drivers/STM32H7xx_HAL_Driver/Src/stm32h7xx_hal.o
LOAD ./Drivers/STM32H7xx_HAL_Driver/Src/stm32h7xx_hal_cortex.o
LOAD ./Drivers/STM32H7xx_HAL_Driver/Src/stm32h7xx_hal_dma.o
LOAD ./Drivers/STM32H7xx_HAL_Driver/Src/stm32h7xx_hal_dma_ex.o
LOAD ./Drivers/STM32H7xx_HAL_Driver/Src/stm32h7xx_hal_exti.o
LOAD ./Drivers/STM32H7xx_HAL_Driver/Src/stm32h7xx_hal_fdcan.o
LOAD ./Drivers/STM32H7xx_HAL_Driver/Src/stm32h7xx_hal_flash.o
LOAD ./Drivers/STM32H7xx_HAL_Driver/Src/stm32h7xx_hal_flash_ex.o
LOAD ./Drivers/STM32H7xx_HAL_Driver/Src/stm32h7xx_hal_gpio.o
LOAD ./Drivers/STM32H7xx_HAL_Driver/Src/stm32h7xx_hal_hsem.o
LOAD ./Drivers/STM32H7xx_HAL_Driver/Src/stm32h7xx_hal_i2c.o
LOAD ./Drivers/STM32H7xx_HAL_Driver/Src/stm32h7xx_hal_i2c_ex.o
LOAD ./Drivers/STM32H7xx_HAL_Driver/Src/stm32h7xx_hal_mdma.o
LOAD ./Drivers/STM32H7xx_HAL_Driver/Src/stm32h7xx_hal_mmc.o
LOAD ./Drivers/STM32H7xx_HAL_Driver/Src/stm32h7xx_hal_mmc_ex.o
LOAD ./Drivers/STM32H7xx_HAL_Driver/Src/stm32h7xx_hal_pwr.o
LOAD ./Drivers/STM32H7xx_HAL_Driver/Src/stm32h7xx_hal_pwr_ex.o
LOAD ./Drivers/STM32H7xx_HAL_Driver/Src/stm32h7xx_hal_rcc.o
LOAD ./Drivers/STM32H7xx_HAL_Driver/Src/stm32h7xx_hal_rcc_ex.o
LOAD ./Drivers/STM32H7xx_HAL_Driver/Src/stm32h7xx_hal_sd.o
LOAD ./Drivers/STM32H7xx_HAL_Driver/Src/stm32h7xx_hal_sd_ex.o
LOAD ./Drivers/STM32H7xx_HAL_Driver/Src/stm32h7xx_hal_tim.o
LOAD ./Drivers/STM32H7xx_HAL_Driver/Src/stm32h7xx_hal_tim_ex.o
LOAD ./Drivers/STM32H7xx_HAL_Driver/Src/stm32h7xx_hal_uart.o
LOAD ./Drivers/STM32H7xx_HAL_Driver/Src/stm32h7xx_hal_uart_ex.o
LOAD ./Drivers/STM32H7xx_HAL_Driver/Src/stm32h7xx_ll_delayblock.o
LOAD ./Drivers/STM32H7xx_HAL_Driver/Src/stm32h7xx_ll_sdmmc.o
LOAD ./FATFS/App/fatfs.o
LOAD ./FATFS/Target/bsp_driver_sd.o
LOAD ./FATFS/Target/fatfs_platform.o
LOAD ./FATFS/Target/sd_diskio.o
LOAD ./Middlewares/Third_Party/FatFs/src/diskio.o
LOAD ./Middlewares/Third_Party/FatFs/src/ff.o
LOAD ./Middlewares/Third_Party/FatFs/src/ff_gen_drv.o
LOAD ./Middlewares/Third_Party/FatFs/src/option/syscall.o
START GROUP
LOAD C:/ST/STM32CubeIDE_1.19.0/STM32CubeIDE/plugins/com.st.stm32cube.ide.mcu.externaltools.gnu-tools-for-stm32.13.3.rel1.win32_1.0.0.202411081344/tools/bin/../lib/gcc/arm-none-eabi/13.3.1/../../../../arm-none-eabi/lib/thumb/v7e-m+dp/hard\libc_nano.a
LOAD C:/ST/STM32CubeIDE_1.19.0/STM32CubeIDE/plugins/com.st.stm32cube.ide.mcu.externaltools.gnu-tools-for-stm32.13.3.rel1.win32_1.0.0.202411081344/tools/bin/../lib/gcc/arm-none-eabi/13.3.1/../../../../arm-none-eabi/lib/thumb/v7e-m+dp/hard\libm.a
END GROUP
START GROUP
LOAD C:/ST/STM32CubeIDE_1.19.0/STM32CubeIDE/plugins/com.st.stm32cube.ide.mcu.externaltools.gnu-tools-for-stm32.13.3.rel1.win32_1.0.0.202411081344/tools/bin/../lib/gcc/arm-none-eabi/13.3.1/thumb/v7e-m+dp/hard\libgcc.a
LOAD C:/ST/STM32CubeIDE_1.19.0/STM32CubeIDE/plugins/com.st.stm32cube.ide.mcu.externaltools.gnu-tools-for-stm32.13.3.rel1.win32_1.0.0.202411081344/tools/bin/../lib/gcc/arm-none-eabi/13.3.1/../../../../arm-none-eabi/lib/thumb/v7e-m+dp/hard\libc_nano.a
END GROUP
START GROUP
LOAD C:/ST/STM32CubeIDE_1.19.0/STM32CubeIDE/plugins/com.st.stm32cube.ide.mcu.externaltools.gnu-tools-for-stm32.13.3.rel1.win32_1.0.0.202411081344/tools/bin/../lib/gcc/arm-none-eabi/13.3.1/thumb/v7e-m+dp/hard\libgcc.a
LOAD C:/ST/STM32CubeIDE_1.19.0/STM32CubeIDE/plugins/com.st.stm32cube.ide.mcu.externaltools.gnu-tools-for-stm32.13.3.rel1.win32_1.0.0.202411081344/tools/bin/../lib/gcc/arm-none-eabi/13.3.1/../../../../arm-none-eabi/lib/thumb/v7e-m+dp/hard\libc_nano.a
LOAD C:/ST/STM32CubeIDE_1.19.0/STM32CubeIDE/plugins/com.st.stm32cube.ide.mcu.externaltools.gnu-tools-for-stm32.13.3.rel1.win32_1.0.0.202411081344/tools/bin/../lib/gcc/arm-none-eabi/13.3.1/../../../../arm-none-eabi/lib/thumb/v7e-m+dp/hard\libnosys.a
END GROUP
START GROUP
LOAD C:/ST/STM32CubeIDE_1.19.0/STM32CubeIDE/plugins/com.st.stm32cube.ide.mcu.externaltools.gnu-tools-for-stm32.13.3.rel1.win32_1.0.0.202411081344/tools/bin/../lib/gcc/arm-none-eabi/13.3.1/thumb/v7e-m+dp/hard\libgcc.a
LOAD C:/ST/STM32CubeIDE_1.19.0/STM32CubeIDE/plugins/com.st.stm32cube.ide.mcu.externaltools.gnu-tools-for-stm32.13.3.rel1.win32_1.0.0.202411081344/tools/bin/../lib/gcc/arm-none-eabi/13.3.1/../../../../arm-none-eabi/lib/thumb/v7e-m+dp/hard\libc_nano.a
LOAD C:/ST/STM32CubeIDE_1.19.0/STM32CubeIDE/plugins/com.st.stm32cube.ide.mcu.externaltools.gnu-tools-for-stm32.13.3.rel1.win32_1.0.0.202411081344/tools/bin/../lib/gcc/arm-none-eabi/13.3.1/../../../../arm-none-eabi/lib/thumb/v7e-m+dp/hard\libnosys.a
END GROUP
LOAD C:/ST/STM32CubeIDE_1.19.0/STM32CubeIDE/plugins/com.st.stm32cube.ide.mcu.externaltools.gnu-tools-for-stm32.13.3.rel1.win32_1.0.0.202411081344/tools/bin/../lib/gcc/arm-none-eabi/13.3.1/thumb/v7e-m+dp/hard/crtend.o
LOAD C:/ST/STM32CubeIDE_1.19.0/STM32CubeIDE/plugins/com.st.stm32cube.ide.mcu.externaltools.gnu-tools-for-stm32.13.3.rel1.win32_1.0.0.202411081344/tools/bin/../lib/gcc/arm-none-eabi/13.3.1/thumb/v7e-m+dp/hard/crtn.o
                0x24080000                        _estack = (ORIGIN (RAM_D1) + LENGTH (RAM_D1))
                0x00002000                        _Min_Heap_Size = 0x2000
                0x00004000                        _Min_Stack_Size = 0x4000

.isr_vector     0x08000000      0x298
                0x08000000                        . = ALIGN (0x4)
 *(.isr_vector)
 .isr_vector    0x08000000      0x298 ./Core/Startup/startup_stm32h743vitx.o
                0x08000000                g_pfnVectors
                0x08000298                        . = ALIGN (0x4)

.text           0x080002a0    0x126d4
                0x080002a0                        . = ALIGN (0x4)
 *(.text)
 .text          0x080002a0       0x40 C:/ST/STM32CubeIDE_1.19.0/STM32CubeIDE/plugins/com.st.stm32cube.ide.mcu.externaltools.gnu-tools-for-stm32.13.3.rel1.win32_1.0.0.202411081344/tools/bin/../lib/gcc/arm-none-eabi/13.3.1/thumb/v7e-m+dp/hard/crtbegin.o
 .text          0x080002e0       0xa0 C:/ST/STM32CubeIDE_1.19.0/STM32CubeIDE/plugins/com.st.stm32cube.ide.mcu.externaltools.gnu-tools-for-stm32.13.3.rel1.win32_1.0.0.202411081344/tools/bin/../lib/gcc/arm-none-eabi/13.3.1/../../../../arm-none-eabi/lib/thumb/v7e-m+dp/hard\libc_nano.a(libc_a-memchr.o)
                0x080002e0                memchr
 .text          0x08000380       0x30 C:/ST/STM32CubeIDE_1.19.0/STM32CubeIDE/plugins/com.st.stm32cube.ide.mcu.externaltools.gnu-tools-for-stm32.13.3.rel1.win32_1.0.0.202411081344/tools/bin/../lib/gcc/arm-none-eabi/13.3.1/thumb/v7e-m+dp/hard\libgcc.a(_aeabi_uldivmod.o)
                0x08000380                __aeabi_uldivmod
 .text          0x080003b0      0x2f8 C:/ST/STM32CubeIDE_1.19.0/STM32CubeIDE/plugins/com.st.stm32cube.ide.mcu.externaltools.gnu-tools-for-stm32.13.3.rel1.win32_1.0.0.202411081344/tools/bin/../lib/gcc/arm-none-eabi/13.3.1/thumb/v7e-m+dp/hard\libgcc.a(_udivmoddi4.o)
                0x080003b0                __udivmoddi4
 .text          0x080006a8        0x4 C:/ST/STM32CubeIDE_1.19.0/STM32CubeIDE/plugins/com.st.stm32cube.ide.mcu.externaltools.gnu-tools-for-stm32.13.3.rel1.win32_1.0.0.202411081344/tools/bin/../lib/gcc/arm-none-eabi/13.3.1/thumb/v7e-m+dp/hard\libgcc.a(_dvmd_tls.o)
                0x080006a8                __aeabi_idiv0
                0x080006a8                __aeabi_ldiv0
 *(.text*)
 .text._write   0x080006ac       0x2c ./Core/Src/main.o
                0x080006ac                _write
 .text.HAL_FDCAN_RxFifo0Callback
                0x080006d8       0xa0 ./Core/Src/main.o
                0x080006d8                HAL_FDCAN_RxFifo0Callback
 .text.led_rgb  0x08000778      0x12c ./Core/Src/main.o
                0x08000778                led_rgb
 .text.main     0x080008a4      0x1a8 ./Core/Src/main.o
                0x080008a4                main
 .text.SystemClock_Config
                0x08000a4c       0xfc ./Core/Src/main.o
                0x08000a4c                SystemClock_Config
 .text.MX_FDCAN2_Init
                0x08000b48      0x108 ./Core/Src/main.o
 .text.MX_SDMMC2_SD_Init
                0x08000c50       0x44 ./Core/Src/main.o
 .text.MX_TIM2_Init
                0x08000c94       0xec ./Core/Src/main.o
 .text.MX_UART4_Init
                0x08000d80       0x98 ./Core/Src/main.o
 .text.MX_USART1_UART_Init
                0x08000e18       0x98 ./Core/Src/main.o
 .text.MX_DMA_Init
                0x08000eb0       0x40 ./Core/Src/main.o
 .text.MX_GPIO_Init
                0x08000ef0      0x168 ./Core/Src/main.o
 .text.MPU_Config
                0x08001058       0x58 ./Core/Src/main.o
 .text.Error_Handler
                0x080010b0        0xc ./Core/Src/main.o
                0x080010b0                Error_Handler
 .text.HAL_MspInit
                0x080010bc       0x34 ./Core/Src/stm32h7xx_hal_msp.o
                0x080010bc                HAL_MspInit
 .text.HAL_FDCAN_MspInit
                0x080010f0       0xf4 ./Core/Src/stm32h7xx_hal_msp.o
                0x080010f0                HAL_FDCAN_MspInit
 .text.HAL_SD_MspInit
                0x080011e4      0x17c ./Core/Src/stm32h7xx_hal_msp.o
                0x080011e4                HAL_SD_MspInit
 .text.HAL_TIM_Base_MspInit
                0x08001360       0xb8 ./Core/Src/stm32h7xx_hal_msp.o
                0x08001360                HAL_TIM_Base_MspInit
 .text.HAL_TIM_MspPostInit
                0x08001418       0x70 ./Core/Src/stm32h7xx_hal_msp.o
                0x08001418                HAL_TIM_MspPostInit
 .text.HAL_UART_MspInit
                0x08001488      0x184 ./Core/Src/stm32h7xx_hal_msp.o
                0x08001488                HAL_UART_MspInit
 .text.NMI_Handler
                0x0800160c        0x8 ./Core/Src/stm32h7xx_it.o
                0x0800160c                NMI_Handler
 .text.HardFault_Handler
                0x08001614        0x8 ./Core/Src/stm32h7xx_it.o
                0x08001614                HardFault_Handler
 .text.MemManage_Handler
                0x0800161c        0x8 ./Core/Src/stm32h7xx_it.o
                0x0800161c                MemManage_Handler
 .text.BusFault_Handler
                0x08001624        0x8 ./Core/Src/stm32h7xx_it.o
                0x08001624                BusFault_Handler
 .text.UsageFault_Handler
                0x0800162c        0x8 ./Core/Src/stm32h7xx_it.o
                0x0800162c                UsageFault_Handler
 .text.SVC_Handler
                0x08001634        0xe ./Core/Src/stm32h7xx_it.o
                0x08001634                SVC_Handler
 .text.DebugMon_Handler
                0x08001642        0xe ./Core/Src/stm32h7xx_it.o
                0x08001642                DebugMon_Handler
 .text.PendSV_Handler
                0x08001650        0xe ./Core/Src/stm32h7xx_it.o
                0x08001650                PendSV_Handler
 .text.SysTick_Handler
                0x0800165e        0xc ./Core/Src/stm32h7xx_it.o
                0x0800165e                SysTick_Handler
 *fill*         0x0800166a        0x2 
 .text.DMA1_Stream0_IRQHandler
                0x0800166c       0x14 ./Core/Src/stm32h7xx_it.o
                0x0800166c                DMA1_Stream0_IRQHandler
 .text.FDCAN2_IT0_IRQHandler
                0x08001680       0x14 ./Core/Src/stm32h7xx_it.o
                0x08001680                FDCAN2_IT0_IRQHandler
 .text.FDCAN2_IT1_IRQHandler
                0x08001694       0x14 ./Core/Src/stm32h7xx_it.o
                0x08001694                FDCAN2_IT1_IRQHandler
 .text.UART4_IRQHandler
                0x080016a8       0x14 ./Core/Src/stm32h7xx_it.o
                0x080016a8                UART4_IRQHandler
 .text.SDMMC2_IRQHandler
                0x080016bc       0x14 ./Core/Src/stm32h7xx_it.o
                0x080016bc                SDMMC2_IRQHandler
 .text._read    0x080016d0       0x3a ./Core/Src/syscalls.o
                0x080016d0                _read
 .text._close   0x0800170a       0x18 ./Core/Src/syscalls.o
                0x0800170a                _close
 .text._fstat   0x08001722       0x20 ./Core/Src/syscalls.o
                0x08001722                _fstat
 .text._isatty  0x08001742       0x16 ./Core/Src/syscalls.o
                0x08001742                _isatty
 .text._lseek   0x08001758       0x1a ./Core/Src/syscalls.o
                0x08001758                _lseek
 *fill*         0x08001772        0x2 
 .text._sbrk    0x08001774       0x6c ./Core/Src/sysmem.o
                0x08001774                _sbrk
 .text.SystemInit
                0x080017e0      0x140 ./Core/Src/system_stm32h7xx.o
                0x080017e0                SystemInit
 .text.ExitRun0Mode
                0x08001920       0x30 ./Core/Src/system_stm32h7xx.o
                0x08001920                ExitRun0Mode
 .text.Reset_Handler
                0x08001950       0x54 ./Core/Startup/startup_stm32h743vitx.o
                0x08001950                Reset_Handler
 .text.Default_Handler
                0x080019a4        0x2 ./Core/Startup/startup_stm32h743vitx.o
                0x080019a4                RTC_Alarm_IRQHandler
                0x080019a4                EXTI2_IRQHandler
                0x080019a4                TIM8_CC_IRQHandler
                0x080019a4                HRTIM1_Master_IRQHandler
                0x080019a4                UART8_IRQHandler
                0x080019a4                SPI4_IRQHandler
                0x080019a4                TIM1_CC_IRQHandler
                0x080019a4                BDMA_Channel6_IRQHandler
                0x080019a4                DMA2_Stream5_IRQHandler
                0x080019a4                HRTIM1_FLT_IRQHandler
                0x080019a4                JPEG_IRQHandler
                0x080019a4                DMA1_Stream5_IRQHandler
                0x080019a4                BDMA_Channel1_IRQHandler
                0x080019a4                HRTIM1_TIMD_IRQHandler
                0x080019a4                TAMP_STAMP_IRQHandler
                0x080019a4                EXTI3_IRQHandler
                0x080019a4                LPTIM4_IRQHandler
                0x080019a4                TIM8_TRG_COM_TIM14_IRQHandler
                0x080019a4                LPTIM2_IRQHandler
                0x080019a4                DFSDM1_FLT1_IRQHandler
                0x080019a4                DMAMUX2_OVR_IRQHandler
                0x080019a4                TIM8_UP_TIM13_IRQHandler
                0x080019a4                I2C3_ER_IRQHandler
                0x080019a4                DFSDM1_FLT2_IRQHandler
                0x080019a4                MDMA_IRQHandler
                0x080019a4                LPTIM3_IRQHandler
                0x080019a4                HSEM1_IRQHandler
                0x080019a4                EXTI0_IRQHandler
                0x080019a4                I2C2_EV_IRQHandler
                0x080019a4                DMA1_Stream2_IRQHandler
                0x080019a4                FPU_IRQHandler
                0x080019a4                OTG_HS_WKUP_IRQHandler
                0x080019a4                FDCAN1_IT1_IRQHandler
                0x080019a4                LTDC_ER_IRQHandler
                0x080019a4                DMA2_Stream2_IRQHandler
                0x080019a4                HRTIM1_TIME_IRQHandler
                0x080019a4                SPI1_IRQHandler
                0x080019a4                TIM6_DAC_IRQHandler
                0x080019a4                DCMI_IRQHandler
                0x080019a4                HRTIM1_TIMC_IRQHandler
                0x080019a4                DMA2_Stream3_IRQHandler
                0x080019a4                SAI2_IRQHandler
                0x080019a4                DFSDM1_FLT3_IRQHandler
                0x080019a4                USART6_IRQHandler
                0x080019a4                TIM17_IRQHandler
                0x080019a4                USART3_IRQHandler
                0x080019a4                BDMA_Channel7_IRQHandler
                0x080019a4                LPTIM5_IRQHandler
                0x080019a4                UART5_IRQHandler
                0x080019a4                ADC3_IRQHandler
                0x080019a4                DMA2_Stream0_IRQHandler
                0x080019a4                TIM4_IRQHandler
                0x080019a4                BDMA_Channel2_IRQHandler
                0x080019a4                QUADSPI_IRQHandler
                0x080019a4                I2C1_EV_IRQHandler
                0x080019a4                DMA1_Stream6_IRQHandler
                0x080019a4                DMAMUX1_OVR_IRQHandler
                0x080019a4                DMA1_Stream1_IRQHandler
                0x080019a4                TIM16_IRQHandler
                0x080019a4                BDMA_Channel5_IRQHandler
                0x080019a4                TIM3_IRQHandler
                0x080019a4                RCC_IRQHandler
                0x080019a4                TIM8_BRK_TIM12_IRQHandler
                0x080019a4                TIM1_TRG_COM_IRQHandler
                0x080019a4                Default_Handler
                0x080019a4                ECC_IRQHandler
                0x080019a4                CEC_IRQHandler
                0x080019a4                EXTI15_10_IRQHandler
                0x080019a4                BDMA_Channel0_IRQHandler
                0x080019a4                ADC_IRQHandler
                0x080019a4                DMA1_Stream7_IRQHandler
                0x080019a4                HRTIM1_TIMA_IRQHandler
                0x080019a4                SPI5_IRQHandler
                0x080019a4                TIM7_IRQHandler
                0x080019a4                SDMMC1_IRQHandler
                0x080019a4                TIM5_IRQHandler
                0x080019a4                DMA2_Stream7_IRQHandler
                0x080019a4                TIM15_IRQHandler
                0x080019a4                PVD_AVD_IRQHandler
                0x080019a4                I2C3_EV_IRQHandler
                0x080019a4                EXTI9_5_IRQHandler
                0x080019a4                RTC_WKUP_IRQHandler
                0x080019a4                LTDC_IRQHandler
                0x080019a4                SAI3_IRQHandler
                0x080019a4                ETH_WKUP_IRQHandler
                0x080019a4                SPDIF_RX_IRQHandler
                0x080019a4                SPI2_IRQHandler
                0x080019a4                OTG_HS_EP1_IN_IRQHandler
                0x080019a4                CRS_IRQHandler
                0x080019a4                EXTI4_IRQHandler
                0x080019a4                RNG_IRQHandler
                0x080019a4                HRTIM1_TIMB_IRQHandler
                0x080019a4                ETH_IRQHandler
                0x080019a4                TIM1_UP_IRQHandler
                0x080019a4                BDMA_Channel4_IRQHandler
                0x080019a4                OTG_HS_EP1_OUT_IRQHandler
                0x080019a4                WWDG_IRQHandler
                0x080019a4                SPI6_IRQHandler
                0x080019a4                MDIOS_IRQHandler
                0x080019a4                I2C4_EV_IRQHandler
                0x080019a4                LPUART1_IRQHandler
                0x080019a4                FDCAN1_IT0_IRQHandler
                0x080019a4                TIM2_IRQHandler
                0x080019a4                OTG_FS_WKUP_IRQHandler
                0x080019a4                OTG_HS_IRQHandler
                0x080019a4                DMA2D_IRQHandler
                0x080019a4                TIM1_BRK_IRQHandler
                0x080019a4                EXTI1_IRQHandler
                0x080019a4                OTG_FS_EP1_OUT_IRQHandler
                0x080019a4                BDMA_Channel3_IRQHandler
                0x080019a4                UART7_IRQHandler
                0x080019a4                MDIOS_WKUP_IRQHandler
                0x080019a4                USART2_IRQHandler
                0x080019a4                DFSDM1_FLT0_IRQHandler
                0x080019a4                SAI4_IRQHandler
                0x080019a4                I2C2_ER_IRQHandler
                0x080019a4                DMA2_Stream1_IRQHandler
                0x080019a4                FLASH_IRQHandler
                0x080019a4                DMA2_Stream4_IRQHandler
                0x080019a4                USART1_IRQHandler
                0x080019a4                OTG_FS_IRQHandler
                0x080019a4                SPI3_IRQHandler
                0x080019a4                WAKEUP_PIN_IRQHandler
                0x080019a4                DMA1_Stream4_IRQHandler
                0x080019a4                OTG_FS_EP1_IN_IRQHandler
                0x080019a4                I2C1_ER_IRQHandler
                0x080019a4                FMC_IRQHandler
                0x080019a4                FDCAN_CAL_IRQHandler
                0x080019a4                SWPMI1_IRQHandler
                0x080019a4                COMP1_IRQHandler
                0x080019a4                LPTIM1_IRQHandler
                0x080019a4                I2C4_ER_IRQHandler
                0x080019a4                DMA2_Stream6_IRQHandler
                0x080019a4                SAI1_IRQHandler
                0x080019a4                DMA1_Stream3_IRQHandler
 *fill*         0x080019a6        0x2 
 .text.HAL_Init
                0x080019a8       0x78 ./Drivers/STM32H7xx_HAL_Driver/Src/stm32h7xx_hal.o
                0x080019a8                HAL_Init
 .text.HAL_InitTick
                0x08001a20       0x6c ./Drivers/STM32H7xx_HAL_Driver/Src/stm32h7xx_hal.o
                0x08001a20                HAL_InitTick
 .text.HAL_IncTick
                0x08001a8c       0x28 ./Drivers/STM32H7xx_HAL_Driver/Src/stm32h7xx_hal.o
                0x08001a8c                HAL_IncTick
 .text.HAL_GetTick
                0x08001ab4       0x18 ./Drivers/STM32H7xx_HAL_Driver/Src/stm32h7xx_hal.o
                0x08001ab4                HAL_GetTick
 .text.HAL_Delay
                0x08001acc       0x48 ./Drivers/STM32H7xx_HAL_Driver/Src/stm32h7xx_hal.o
                0x08001acc                HAL_Delay
 .text.HAL_GetREVID
                0x08001b14       0x18 ./Drivers/STM32H7xx_HAL_Driver/Src/stm32h7xx_hal.o
                0x08001b14                HAL_GetREVID
 .text.__NVIC_SetPriorityGrouping
                0x08001b2c       0x48 ./Drivers/STM32H7xx_HAL_Driver/Src/stm32h7xx_hal_cortex.o
 .text.__NVIC_GetPriorityGrouping
                0x08001b74       0x1c ./Drivers/STM32H7xx_HAL_Driver/Src/stm32h7xx_hal_cortex.o
 .text.__NVIC_EnableIRQ
                0x08001b90       0x3c ./Drivers/STM32H7xx_HAL_Driver/Src/stm32h7xx_hal_cortex.o
 .text.__NVIC_SetPriority
                0x08001bcc       0x54 ./Drivers/STM32H7xx_HAL_Driver/Src/stm32h7xx_hal_cortex.o
 .text.NVIC_EncodePriority
                0x08001c20       0x66 ./Drivers/STM32H7xx_HAL_Driver/Src/stm32h7xx_hal_cortex.o
 *fill*         0x08001c86        0x2 
 .text.SysTick_Config
                0x08001c88       0x44 ./Drivers/STM32H7xx_HAL_Driver/Src/stm32h7xx_hal_cortex.o
 .text.HAL_NVIC_SetPriorityGrouping
                0x08001ccc       0x16 ./Drivers/STM32H7xx_HAL_Driver/Src/stm32h7xx_hal_cortex.o
                0x08001ccc                HAL_NVIC_SetPriorityGrouping
 .text.HAL_NVIC_SetPriority
                0x08001ce2       0x34 ./Drivers/STM32H7xx_HAL_Driver/Src/stm32h7xx_hal_cortex.o
                0x08001ce2                HAL_NVIC_SetPriority
 .text.HAL_NVIC_EnableIRQ
                0x08001d16       0x1c ./Drivers/STM32H7xx_HAL_Driver/Src/stm32h7xx_hal_cortex.o
                0x08001d16                HAL_NVIC_EnableIRQ
 .text.HAL_SYSTICK_Config
                0x08001d32       0x18 ./Drivers/STM32H7xx_HAL_Driver/Src/stm32h7xx_hal_cortex.o
                0x08001d32                HAL_SYSTICK_Config
 *fill*         0x08001d4a        0x2 
 .text.HAL_MPU_Disable
                0x08001d4c       0x30 ./Drivers/STM32H7xx_HAL_Driver/Src/stm32h7xx_hal_cortex.o
                0x08001d4c                HAL_MPU_Disable
 .text.HAL_MPU_Enable
                0x08001d7c       0x40 ./Drivers/STM32H7xx_HAL_Driver/Src/stm32h7xx_hal_cortex.o
                0x08001d7c                HAL_MPU_Enable
 .text.HAL_MPU_ConfigRegion
                0x08001dbc       0x80 ./Drivers/STM32H7xx_HAL_Driver/Src/stm32h7xx_hal_cortex.o
                0x08001dbc                HAL_MPU_ConfigRegion
 .text.HAL_DMA_Init
                0x08001e3c      0x6b8 ./Drivers/STM32H7xx_HAL_Driver/Src/stm32h7xx_hal_dma.o
                0x08001e3c                HAL_DMA_Init
 .text.HAL_DMA_Start_IT
                0x080024f4      0x4d4 ./Drivers/STM32H7xx_HAL_Driver/Src/stm32h7xx_hal_dma.o
                0x080024f4                HAL_DMA_Start_IT
 .text.HAL_DMA_Abort
                0x080029c8      0x63c ./Drivers/STM32H7xx_HAL_Driver/Src/stm32h7xx_hal_dma.o
                0x080029c8                HAL_DMA_Abort
 .text.HAL_DMA_Abort_IT
                0x08003004      0x48c ./Drivers/STM32H7xx_HAL_Driver/Src/stm32h7xx_hal_dma.o
                0x08003004                HAL_DMA_Abort_IT
 .text.HAL_DMA_IRQHandler
                0x08003490      0xe54 ./Drivers/STM32H7xx_HAL_Driver/Src/stm32h7xx_hal_dma.o
                0x08003490                HAL_DMA_IRQHandler
 .text.DMA_SetConfig
                0x080042e4      0x358 ./Drivers/STM32H7xx_HAL_Driver/Src/stm32h7xx_hal_dma.o
 .text.DMA_CalcBaseAndBitshift
                0x0800463c      0x164 ./Drivers/STM32H7xx_HAL_Driver/Src/stm32h7xx_hal_dma.o
 .text.DMA_CheckFifoParam
                0x080047a0       0xf8 ./Drivers/STM32H7xx_HAL_Driver/Src/stm32h7xx_hal_dma.o
 .text.DMA_CalcDMAMUXChannelBaseAndMask
                0x08004898      0x134 ./Drivers/STM32H7xx_HAL_Driver/Src/stm32h7xx_hal_dma.o
 .text.DMA_CalcDMAMUXRequestGenBaseAndMask
                0x080049cc       0xe8 ./Drivers/STM32H7xx_HAL_Driver/Src/stm32h7xx_hal_dma.o
 .text.HAL_FDCAN_Init
                0x08004ab4      0x3bc ./Drivers/STM32H7xx_HAL_Driver/Src/stm32h7xx_hal_fdcan.o
                0x08004ab4                HAL_FDCAN_Init
 .text.HAL_FDCAN_ConfigFilter
                0x08004e70       0xec ./Drivers/STM32H7xx_HAL_Driver/Src/stm32h7xx_hal_fdcan.o
                0x08004e70                HAL_FDCAN_ConfigFilter
 .text.HAL_FDCAN_Start
                0x08004f5c       0x56 ./Drivers/STM32H7xx_HAL_Driver/Src/stm32h7xx_hal_fdcan.o
                0x08004f5c                HAL_FDCAN_Start
 *fill*         0x08004fb2        0x2 
 .text.HAL_FDCAN_GetRxMessage
                0x08004fb4      0x2d8 ./Drivers/STM32H7xx_HAL_Driver/Src/stm32h7xx_hal_fdcan.o
                0x08004fb4                HAL_FDCAN_GetRxMessage
 .text.HAL_FDCAN_ActivateNotification
                0x0800528c       0xf4 ./Drivers/STM32H7xx_HAL_Driver/Src/stm32h7xx_hal_fdcan.o
                0x0800528c                HAL_FDCAN_ActivateNotification
 .text.HAL_FDCAN_IRQHandler
                0x08005380      0x4bc ./Drivers/STM32H7xx_HAL_Driver/Src/stm32h7xx_hal_fdcan.o
                0x08005380                HAL_FDCAN_IRQHandler
 .text.HAL_FDCAN_ClockCalibrationCallback
                0x0800583c       0x16 ./Drivers/STM32H7xx_HAL_Driver/Src/stm32h7xx_hal_fdcan.o
                0x0800583c                HAL_FDCAN_ClockCalibrationCallback
 .text.HAL_FDCAN_TxEventFifoCallback
                0x08005852       0x16 ./Drivers/STM32H7xx_HAL_Driver/Src/stm32h7xx_hal_fdcan.o
                0x08005852                HAL_FDCAN_TxEventFifoCallback
 .text.HAL_FDCAN_RxFifo1Callback
                0x08005868       0x16 ./Drivers/STM32H7xx_HAL_Driver/Src/stm32h7xx_hal_fdcan.o
                0x08005868                HAL_FDCAN_RxFifo1Callback
 .text.HAL_FDCAN_TxFifoEmptyCallback
                0x0800587e       0x14 ./Drivers/STM32H7xx_HAL_Driver/Src/stm32h7xx_hal_fdcan.o
                0x0800587e                HAL_FDCAN_TxFifoEmptyCallback
 .text.HAL_FDCAN_TxBufferCompleteCallback
                0x08005892       0x16 ./Drivers/STM32H7xx_HAL_Driver/Src/stm32h7xx_hal_fdcan.o
                0x08005892                HAL_FDCAN_TxBufferCompleteCallback
 .text.HAL_FDCAN_TxBufferAbortCallback
                0x080058a8       0x16 ./Drivers/STM32H7xx_HAL_Driver/Src/stm32h7xx_hal_fdcan.o
                0x080058a8                HAL_FDCAN_TxBufferAbortCallback
 .text.HAL_FDCAN_RxBufferNewMessageCallback
                0x080058be       0x14 ./Drivers/STM32H7xx_HAL_Driver/Src/stm32h7xx_hal_fdcan.o
                0x080058be                HAL_FDCAN_RxBufferNewMessageCallback
 .text.HAL_FDCAN_TimestampWraparoundCallback
                0x080058d2       0x14 ./Drivers/STM32H7xx_HAL_Driver/Src/stm32h7xx_hal_fdcan.o
                0x080058d2                HAL_FDCAN_TimestampWraparoundCallback
 .text.HAL_FDCAN_TimeoutOccurredCallback
                0x080058e6       0x14 ./Drivers/STM32H7xx_HAL_Driver/Src/stm32h7xx_hal_fdcan.o
                0x080058e6                HAL_FDCAN_TimeoutOccurredCallback
 .text.HAL_FDCAN_HighPriorityMessageCallback
                0x080058fa       0x14 ./Drivers/STM32H7xx_HAL_Driver/Src/stm32h7xx_hal_fdcan.o
                0x080058fa                HAL_FDCAN_HighPriorityMessageCallback
 .text.HAL_FDCAN_ErrorCallback
                0x0800590e       0x14 ./Drivers/STM32H7xx_HAL_Driver/Src/stm32h7xx_hal_fdcan.o
                0x0800590e                HAL_FDCAN_ErrorCallback
 .text.HAL_FDCAN_ErrorStatusCallback
                0x08005922       0x16 ./Drivers/STM32H7xx_HAL_Driver/Src/stm32h7xx_hal_fdcan.o
                0x08005922                HAL_FDCAN_ErrorStatusCallback
 .text.HAL_FDCAN_TT_ScheduleSyncCallback
                0x08005938       0x16 ./Drivers/STM32H7xx_HAL_Driver/Src/stm32h7xx_hal_fdcan.o
                0x08005938                HAL_FDCAN_TT_ScheduleSyncCallback
 .text.HAL_FDCAN_TT_TimeMarkCallback
                0x0800594e       0x16 ./Drivers/STM32H7xx_HAL_Driver/Src/stm32h7xx_hal_fdcan.o
                0x0800594e                HAL_FDCAN_TT_TimeMarkCallback
 .text.HAL_FDCAN_TT_StopWatchCallback
                0x08005964       0x18 ./Drivers/STM32H7xx_HAL_Driver/Src/stm32h7xx_hal_fdcan.o
                0x08005964                HAL_FDCAN_TT_StopWatchCallback
 .text.HAL_FDCAN_TT_GlobalTimeCallback
                0x0800597c       0x16 ./Drivers/STM32H7xx_HAL_Driver/Src/stm32h7xx_hal_fdcan.o
                0x0800597c                HAL_FDCAN_TT_GlobalTimeCallback
 *fill*         0x08005992        0x2 
 .text.FDCAN_CalcultateRamBlockAddresses
                0x08005994      0x30c ./Drivers/STM32H7xx_HAL_Driver/Src/stm32h7xx_hal_fdcan.o
 .text.HAL_GPIO_Init
                0x08005ca0      0x360 ./Drivers/STM32H7xx_HAL_Driver/Src/stm32h7xx_hal_gpio.o
                0x08005ca0                HAL_GPIO_Init
 .text.HAL_GPIO_ReadPin
                0x08006000       0x30 ./Drivers/STM32H7xx_HAL_Driver/Src/stm32h7xx_hal_gpio.o
                0x08006000                HAL_GPIO_ReadPin
 .text.HAL_GPIO_WritePin
                0x08006030       0x32 ./Drivers/STM32H7xx_HAL_Driver/Src/stm32h7xx_hal_gpio.o
                0x08006030                HAL_GPIO_WritePin
 *fill*         0x08006062        0x2 
 .text.HAL_PWREx_ConfigSupply
                0x08006064       0x74 ./Drivers/STM32H7xx_HAL_Driver/Src/stm32h7xx_hal_pwr_ex.o
                0x08006064                HAL_PWREx_ConfigSupply
 .text.HAL_RCC_OscConfig
                0x080060d8      0x8b4 ./Drivers/STM32H7xx_HAL_Driver/Src/stm32h7xx_hal_rcc.o
                0x080060d8                HAL_RCC_OscConfig
 .text.HAL_RCC_ClockConfig
                0x0800698c      0x36c ./Drivers/STM32H7xx_HAL_Driver/Src/stm32h7xx_hal_rcc.o
                0x0800698c                HAL_RCC_ClockConfig
 .text.HAL_RCC_GetSysClockFreq
                0x08006cf8      0x2f4 ./Drivers/STM32H7xx_HAL_Driver/Src/stm32h7xx_hal_rcc.o
                0x08006cf8                HAL_RCC_GetSysClockFreq
 .text.HAL_RCC_GetHCLKFreq
                0x08006fec       0x60 ./Drivers/STM32H7xx_HAL_Driver/Src/stm32h7xx_hal_rcc.o
                0x08006fec                HAL_RCC_GetHCLKFreq
 .text.HAL_RCC_GetPCLK1Freq
                0x0800704c       0x2c ./Drivers/STM32H7xx_HAL_Driver/Src/stm32h7xx_hal_rcc.o
                0x0800704c                HAL_RCC_GetPCLK1Freq
 .text.HAL_RCC_GetPCLK2Freq
                0x08007078       0x2c ./Drivers/STM32H7xx_HAL_Driver/Src/stm32h7xx_hal_rcc.o
                0x08007078                HAL_RCC_GetPCLK2Freq
 .text.HAL_RCCEx_PeriphCLKConfig
                0x080070a4     0x1414 ./Drivers/STM32H7xx_HAL_Driver/Src/stm32h7xx_hal_rcc_ex.o
                0x080070a4                HAL_RCCEx_PeriphCLKConfig
 .text.HAL_RCCEx_GetPeriphCLKFreq
                0x080084b8      0xb00 ./Drivers/STM32H7xx_HAL_Driver/Src/stm32h7xx_hal_rcc_ex.o
                0x080084b8                HAL_RCCEx_GetPeriphCLKFreq
 .text.HAL_RCCEx_GetD3PCLK1Freq
                0x08008fb8       0x2c ./Drivers/STM32H7xx_HAL_Driver/Src/stm32h7xx_hal_rcc_ex.o
                0x08008fb8                HAL_RCCEx_GetD3PCLK1Freq
 .text.HAL_RCCEx_GetPLL2ClockFreq
                0x08008fe4      0x2a8 ./Drivers/STM32H7xx_HAL_Driver/Src/stm32h7xx_hal_rcc_ex.o
                0x08008fe4                HAL_RCCEx_GetPLL2ClockFreq
 .text.HAL_RCCEx_GetPLL3ClockFreq
                0x0800928c      0x2a8 ./Drivers/STM32H7xx_HAL_Driver/Src/stm32h7xx_hal_rcc_ex.o
                0x0800928c                HAL_RCCEx_GetPLL3ClockFreq
 .text.HAL_RCCEx_GetPLL1ClockFreq
                0x08009534      0x2a4 ./Drivers/STM32H7xx_HAL_Driver/Src/stm32h7xx_hal_rcc_ex.o
                0x08009534                HAL_RCCEx_GetPLL1ClockFreq
 .text.RCCEx_PLL2_Config
                0x080097d8      0x164 ./Drivers/STM32H7xx_HAL_Driver/Src/stm32h7xx_hal_rcc_ex.o
 .text.RCCEx_PLL3_Config
                0x0800993c      0x164 ./Drivers/STM32H7xx_HAL_Driver/Src/stm32h7xx_hal_rcc_ex.o
 .text.HAL_SD_Init
                0x08009aa0      0x106 ./Drivers/STM32H7xx_HAL_Driver/Src/stm32h7xx_hal_sd.o
                0x08009aa0                HAL_SD_Init
 *fill*         0x08009ba6        0x2 
 .text.HAL_SD_InitCard
                0x08009ba8      0x138 ./Drivers/STM32H7xx_HAL_Driver/Src/stm32h7xx_hal_sd.o
                0x08009ba8                HAL_SD_InitCard
 .text.HAL_SD_ReadBlocks
                0x08009ce0      0x314 ./Drivers/STM32H7xx_HAL_Driver/Src/stm32h7xx_hal_sd.o
                0x08009ce0                HAL_SD_ReadBlocks
 .text.HAL_SD_WriteBlocks
                0x08009ff4      0x31c ./Drivers/STM32H7xx_HAL_Driver/Src/stm32h7xx_hal_sd.o
                0x08009ff4                HAL_SD_WriteBlocks
 .text.HAL_SD_IRQHandler
                0x0800a310      0x370 ./Drivers/STM32H7xx_HAL_Driver/Src/stm32h7xx_hal_sd.o
                0x0800a310                HAL_SD_IRQHandler
 .text.HAL_SD_ErrorCallback
                0x0800a680       0x14 ./Drivers/STM32H7xx_HAL_Driver/Src/stm32h7xx_hal_sd.o
                0x0800a680                HAL_SD_ErrorCallback
 .text.HAL_SD_GetCardCSD
                0x0800a694      0x348 ./Drivers/STM32H7xx_HAL_Driver/Src/stm32h7xx_hal_sd.o
                0x0800a694                HAL_SD_GetCardCSD
 .text.HAL_SD_GetCardStatus
                0x0800a9dc      0x17c ./Drivers/STM32H7xx_HAL_Driver/Src/stm32h7xx_hal_sd.o
                0x0800a9dc                HAL_SD_GetCardStatus
 .text.HAL_SD_GetCardInfo
                0x0800ab58       0x58 ./Drivers/STM32H7xx_HAL_Driver/Src/stm32h7xx_hal_sd.o
                0x0800ab58                HAL_SD_GetCardInfo
 .text.HAL_SD_ConfigWideBusOperation
                0x0800abb0      0x224 ./Drivers/STM32H7xx_HAL_Driver/Src/stm32h7xx_hal_sd.o
                0x0800abb0                HAL_SD_ConfigWideBusOperation
 .text.HAL_SD_GetCardState
                0x0800add4       0x40 ./Drivers/STM32H7xx_HAL_Driver/Src/stm32h7xx_hal_sd.o
                0x0800add4                HAL_SD_GetCardState
 .text.SD_InitCard
                0x0800ae14      0x19c ./Drivers/STM32H7xx_HAL_Driver/Src/stm32h7xx_hal_sd.o
 .text.SD_PowerON
                0x0800afb0      0x11c ./Drivers/STM32H7xx_HAL_Driver/Src/stm32h7xx_hal_sd.o
 .text.SD_SendSDStatus
                0x0800b0cc      0x1a0 ./Drivers/STM32H7xx_HAL_Driver/Src/stm32h7xx_hal_sd.o
 .text.SD_SendStatus
                0x0800b26c       0x50 ./Drivers/STM32H7xx_HAL_Driver/Src/stm32h7xx_hal_sd.o
 .text.SD_WideBus_Enable
                0x0800b2bc       0x96 ./Drivers/STM32H7xx_HAL_Driver/Src/stm32h7xx_hal_sd.o
 .text.SD_WideBus_Disable
                0x0800b352       0x96 ./Drivers/STM32H7xx_HAL_Driver/Src/stm32h7xx_hal_sd.o
 .text.SD_FindSCR
                0x0800b3e8      0x1a0 ./Drivers/STM32H7xx_HAL_Driver/Src/stm32h7xx_hal_sd.o
 .text.SD_Read_IT
                0x0800b588       0x8c ./Drivers/STM32H7xx_HAL_Driver/Src/stm32h7xx_hal_sd.o
 .text.SD_Write_IT
                0x0800b614       0x94 ./Drivers/STM32H7xx_HAL_Driver/Src/stm32h7xx_hal_sd.o
 .text.HAL_SDEx_Read_DMADoubleBuf0CpltCallback
                0x0800b6a8       0x14 ./Drivers/STM32H7xx_HAL_Driver/Src/stm32h7xx_hal_sd.o
                0x0800b6a8                HAL_SDEx_Read_DMADoubleBuf0CpltCallback
 .text.HAL_SDEx_Read_DMADoubleBuf1CpltCallback
                0x0800b6bc       0x14 ./Drivers/STM32H7xx_HAL_Driver/Src/stm32h7xx_hal_sd.o
                0x0800b6bc                HAL_SDEx_Read_DMADoubleBuf1CpltCallback
 .text.HAL_SDEx_Write_DMADoubleBuf0CpltCallback
                0x0800b6d0       0x14 ./Drivers/STM32H7xx_HAL_Driver/Src/stm32h7xx_hal_sd.o
                0x0800b6d0                HAL_SDEx_Write_DMADoubleBuf0CpltCallback
 .text.HAL_SDEx_Write_DMADoubleBuf1CpltCallback
                0x0800b6e4       0x14 ./Drivers/STM32H7xx_HAL_Driver/Src/stm32h7xx_hal_sd.o
                0x0800b6e4                HAL_SDEx_Write_DMADoubleBuf1CpltCallback
 .text.HAL_TIM_Base_Init
                0x0800b6f8       0xae ./Drivers/STM32H7xx_HAL_Driver/Src/stm32h7xx_hal_tim.o
                0x0800b6f8                HAL_TIM_Base_Init
 .text.HAL_TIM_PWM_Init
                0x0800b7a6       0xae ./Drivers/STM32H7xx_HAL_Driver/Src/stm32h7xx_hal_tim.o
                0x0800b7a6                HAL_TIM_PWM_Init
 .text.HAL_TIM_PWM_MspInit
                0x0800b854       0x14 ./Drivers/STM32H7xx_HAL_Driver/Src/stm32h7xx_hal_tim.o
                0x0800b854                HAL_TIM_PWM_MspInit
 .text.HAL_TIM_PWM_Start_DMA
                0x0800b868      0x44c ./Drivers/STM32H7xx_HAL_Driver/Src/stm32h7xx_hal_tim.o
                0x0800b868                HAL_TIM_PWM_Start_DMA
 .text.HAL_TIM_PWM_ConfigChannel
                0x0800bcb4      0x228 ./Drivers/STM32H7xx_HAL_Driver/Src/stm32h7xx_hal_tim.o
                0x0800bcb4                HAL_TIM_PWM_ConfigChannel
 .text.HAL_TIM_ConfigClockSource
                0x0800bedc      0x1f0 ./Drivers/STM32H7xx_HAL_Driver/Src/stm32h7xx_hal_tim.o
                0x0800bedc                HAL_TIM_ConfigClockSource
 .text.HAL_TIM_PWM_PulseFinishedCallback
                0x0800c0cc       0x14 ./Drivers/STM32H7xx_HAL_Driver/Src/stm32h7xx_hal_tim.o
                0x0800c0cc                HAL_TIM_PWM_PulseFinishedCallback
 .text.HAL_TIM_PWM_PulseFinishedHalfCpltCallback
                0x0800c0e0       0x14 ./Drivers/STM32H7xx_HAL_Driver/Src/stm32h7xx_hal_tim.o
                0x0800c0e0                HAL_TIM_PWM_PulseFinishedHalfCpltCallback
 .text.HAL_TIM_ErrorCallback
                0x0800c0f4       0x14 ./Drivers/STM32H7xx_HAL_Driver/Src/stm32h7xx_hal_tim.o
                0x0800c0f4                HAL_TIM_ErrorCallback
 .text.TIM_DMAError
                0x0800c108       0x92 ./Drivers/STM32H7xx_HAL_Driver/Src/stm32h7xx_hal_tim.o
                0x0800c108                TIM_DMAError
 .text.TIM_DMADelayPulseCplt
                0x0800c19a       0xa8 ./Drivers/STM32H7xx_HAL_Driver/Src/stm32h7xx_hal_tim.o
 .text.TIM_DMADelayPulseHalfCplt
                0x0800c242       0x68 ./Drivers/STM32H7xx_HAL_Driver/Src/stm32h7xx_hal_tim.o
                0x0800c242                TIM_DMADelayPulseHalfCplt
 *fill*         0x0800c2aa        0x2 
 .text.TIM_Base_SetConfig
                0x0800c2ac      0x140 ./Drivers/STM32H7xx_HAL_Driver/Src/stm32h7xx_hal_tim.o
                0x0800c2ac                TIM_Base_SetConfig
 .text.TIM_OC1_SetConfig
                0x0800c3ec      0x120 ./Drivers/STM32H7xx_HAL_Driver/Src/stm32h7xx_hal_tim.o
 .text.TIM_OC2_SetConfig
                0x0800c50c      0x114 ./Drivers/STM32H7xx_HAL_Driver/Src/stm32h7xx_hal_tim.o
                0x0800c50c                TIM_OC2_SetConfig
 .text.TIM_OC3_SetConfig
                0x0800c620      0x110 ./Drivers/STM32H7xx_HAL_Driver/Src/stm32h7xx_hal_tim.o
 .text.TIM_OC4_SetConfig
                0x0800c730       0xd4 ./Drivers/STM32H7xx_HAL_Driver/Src/stm32h7xx_hal_tim.o
 .text.TIM_OC5_SetConfig
                0x0800c804       0xc8 ./Drivers/STM32H7xx_HAL_Driver/Src/stm32h7xx_hal_tim.o
 .text.TIM_OC6_SetConfig
                0x0800c8cc       0xcc ./Drivers/STM32H7xx_HAL_Driver/Src/stm32h7xx_hal_tim.o
 .text.TIM_TI1_ConfigInputStage
                0x0800c998       0x5e ./Drivers/STM32H7xx_HAL_Driver/Src/stm32h7xx_hal_tim.o
 .text.TIM_TI2_ConfigInputStage
                0x0800c9f6       0x60 ./Drivers/STM32H7xx_HAL_Driver/Src/stm32h7xx_hal_tim.o
 *fill*         0x0800ca56        0x2 
 .text.TIM_ITRx_SetConfig
                0x0800ca58       0x3c ./Drivers/STM32H7xx_HAL_Driver/Src/stm32h7xx_hal_tim.o
 .text.TIM_ETR_SetConfig
                0x0800ca94       0x40 ./Drivers/STM32H7xx_HAL_Driver/Src/stm32h7xx_hal_tim.o
                0x0800ca94                TIM_ETR_SetConfig
 .text.TIM_CCxChannelCmd
                0x0800cad4       0x4a ./Drivers/STM32H7xx_HAL_Driver/Src/stm32h7xx_hal_tim.o
                0x0800cad4                TIM_CCxChannelCmd
 *fill*         0x0800cb1e        0x2 
 .text.HAL_TIMEx_MasterConfigSynchronization
                0x0800cb20      0x11c ./Drivers/STM32H7xx_HAL_Driver/Src/stm32h7xx_hal_tim_ex.o
                0x0800cb20                HAL_TIMEx_MasterConfigSynchronization
 .text.HAL_UART_Init
                0x0800cc3c       0xa0 ./Drivers/STM32H7xx_HAL_Driver/Src/stm32h7xx_hal_uart.o
                0x0800cc3c                HAL_UART_Init
 .text.HAL_UART_Transmit
                0x0800ccdc      0x11c ./Drivers/STM32H7xx_HAL_Driver/Src/stm32h7xx_hal_uart.o
                0x0800ccdc                HAL_UART_Transmit
 .text.HAL_UART_IRQHandler
                0x0800cdf8      0x7ac ./Drivers/STM32H7xx_HAL_Driver/Src/stm32h7xx_hal_uart.o
                0x0800cdf8                HAL_UART_IRQHandler
 .text.HAL_UART_TxCpltCallback
                0x0800d5a4       0x14 ./Drivers/STM32H7xx_HAL_Driver/Src/stm32h7xx_hal_uart.o
                0x0800d5a4                HAL_UART_TxCpltCallback
 .text.HAL_UART_ErrorCallback
                0x0800d5b8       0x14 ./Drivers/STM32H7xx_HAL_Driver/Src/stm32h7xx_hal_uart.o
                0x0800d5b8                HAL_UART_ErrorCallback
 .text.HAL_UARTEx_RxEventCallback
                0x0800d5cc       0x18 ./Drivers/STM32H7xx_HAL_Driver/Src/stm32h7xx_hal_uart.o
                0x0800d5cc                HAL_UARTEx_RxEventCallback
 .text.UART_SetConfig
                0x0800d5e4      0xad0 ./Drivers/STM32H7xx_HAL_Driver/Src/stm32h7xx_hal_uart.o
                0x0800d5e4                UART_SetConfig
 .text.UART_AdvFeatureConfig
                0x0800e0b4      0x144 ./Drivers/STM32H7xx_HAL_Driver/Src/stm32h7xx_hal_uart.o
                0x0800e0b4                UART_AdvFeatureConfig
 .text.UART_CheckIdleState
                0x0800e1f8      0x154 ./Drivers/STM32H7xx_HAL_Driver/Src/stm32h7xx_hal_uart.o
                0x0800e1f8                UART_CheckIdleState
 .text.UART_WaitOnFlagUntilTimeout
                0x0800e34c       0xda ./Drivers/STM32H7xx_HAL_Driver/Src/stm32h7xx_hal_uart.o
                0x0800e34c                UART_WaitOnFlagUntilTimeout
 *fill*         0x0800e426        0x2 
 .text.UART_EndRxTransfer
                0x0800e428       0xcc ./Drivers/STM32H7xx_HAL_Driver/Src/stm32h7xx_hal_uart.o
 .text.UART_DMAAbortOnError
                0x0800e4f4       0x24 ./Drivers/STM32H7xx_HAL_Driver/Src/stm32h7xx_hal_uart.o
 .text.UART_EndTransmit_IT
                0x0800e518       0x56 ./Drivers/STM32H7xx_HAL_Driver/Src/stm32h7xx_hal_uart.o
 .text.HAL_UARTEx_WakeupCallback
                0x0800e56e       0x14 ./Drivers/STM32H7xx_HAL_Driver/Src/stm32h7xx_hal_uart_ex.o
                0x0800e56e                HAL_UARTEx_WakeupCallback
 .text.HAL_UARTEx_RxFifoFullCallback
                0x0800e582       0x14 ./Drivers/STM32H7xx_HAL_Driver/Src/stm32h7xx_hal_uart_ex.o
                0x0800e582                HAL_UARTEx_RxFifoFullCallback
 .text.HAL_UARTEx_TxFifoEmptyCallback
                0x0800e596       0x14 ./Drivers/STM32H7xx_HAL_Driver/Src/stm32h7xx_hal_uart_ex.o
                0x0800e596                HAL_UARTEx_TxFifoEmptyCallback
 .text.HAL_UARTEx_DisableFifoMode
                0x0800e5aa       0x72 ./Drivers/STM32H7xx_HAL_Driver/Src/stm32h7xx_hal_uart_ex.o
                0x0800e5aa                HAL_UARTEx_DisableFifoMode
 .text.HAL_UARTEx_SetTxFifoThreshold
                0x0800e61c       0x7c ./Drivers/STM32H7xx_HAL_Driver/Src/stm32h7xx_hal_uart_ex.o
                0x0800e61c                HAL_UARTEx_SetTxFifoThreshold
 .text.HAL_UARTEx_SetRxFifoThreshold
                0x0800e698       0x7c ./Drivers/STM32H7xx_HAL_Driver/Src/stm32h7xx_hal_uart_ex.o
                0x0800e698                HAL_UARTEx_SetRxFifoThreshold
 .text.UARTEx_SetNbDataToProcess
                0x0800e714       0x9c ./Drivers/STM32H7xx_HAL_Driver/Src/stm32h7xx_hal_uart_ex.o
 .text.SDMMC_Init
                0x0800e7b0       0x54 ./Drivers/STM32H7xx_HAL_Driver/Src/stm32h7xx_ll_sdmmc.o
                0x0800e7b0                SDMMC_Init
 .text.SDMMC_ReadFIFO
                0x0800e804       0x1a ./Drivers/STM32H7xx_HAL_Driver/Src/stm32h7xx_ll_sdmmc.o
                0x0800e804                SDMMC_ReadFIFO
 .text.SDMMC_WriteFIFO
                0x0800e81e       0x22 ./Drivers/STM32H7xx_HAL_Driver/Src/stm32h7xx_ll_sdmmc.o
                0x0800e81e                SDMMC_WriteFIFO
 .text.SDMMC_PowerState_ON
                0x0800e840       0x22 ./Drivers/STM32H7xx_HAL_Driver/Src/stm32h7xx_ll_sdmmc.o
                0x0800e840                SDMMC_PowerState_ON
 .text.SDMMC_GetPowerState
                0x0800e862       0x1c ./Drivers/STM32H7xx_HAL_Driver/Src/stm32h7xx_ll_sdmmc.o
                0x0800e862                SDMMC_GetPowerState
 *fill*         0x0800e87e        0x2 
 .text.SDMMC_SendCommand
                0x0800e880       0x54 ./Drivers/STM32H7xx_HAL_Driver/Src/stm32h7xx_ll_sdmmc.o
                0x0800e880                SDMMC_SendCommand
 .text.SDMMC_GetCommandResponse
                0x0800e8d4       0x1a ./Drivers/STM32H7xx_HAL_Driver/Src/stm32h7xx_ll_sdmmc.o
                0x0800e8d4                SDMMC_GetCommandResponse
 .text.SDMMC_GetResponse
                0x0800e8ee       0x26 ./Drivers/STM32H7xx_HAL_Driver/Src/stm32h7xx_ll_sdmmc.o
                0x0800e8ee                SDMMC_GetResponse
 .text.SDMMC_ConfigData
                0x0800e914       0x58 ./Drivers/STM32H7xx_HAL_Driver/Src/stm32h7xx_ll_sdmmc.o
                0x0800e914                SDMMC_ConfigData
 .text.SDMMC_CmdBlockLength
                0x0800e96c       0x46 ./Drivers/STM32H7xx_HAL_Driver/Src/stm32h7xx_ll_sdmmc.o
                0x0800e96c                SDMMC_CmdBlockLength
 .text.SDMMC_CmdReadSingleBlock
                0x0800e9b2       0x46 ./Drivers/STM32H7xx_HAL_Driver/Src/stm32h7xx_ll_sdmmc.o
                0x0800e9b2                SDMMC_CmdReadSingleBlock
 .text.SDMMC_CmdReadMultiBlock
                0x0800e9f8       0x46 ./Drivers/STM32H7xx_HAL_Driver/Src/stm32h7xx_ll_sdmmc.o
                0x0800e9f8                SDMMC_CmdReadMultiBlock
 .text.SDMMC_CmdWriteSingleBlock
                0x0800ea3e       0x46 ./Drivers/STM32H7xx_HAL_Driver/Src/stm32h7xx_ll_sdmmc.o
                0x0800ea3e                SDMMC_CmdWriteSingleBlock
 .text.SDMMC_CmdWriteMultiBlock
                0x0800ea84       0x46 ./Drivers/STM32H7xx_HAL_Driver/Src/stm32h7xx_ll_sdmmc.o
                0x0800ea84                SDMMC_CmdWriteMultiBlock
 *fill*         0x0800eaca        0x2 
 .text.SDMMC_CmdStopTransfer
                0x0800eacc       0x78 ./Drivers/STM32H7xx_HAL_Driver/Src/stm32h7xx_ll_sdmmc.o
                0x0800eacc                SDMMC_CmdStopTransfer
 .text.SDMMC_CmdSelDesel
                0x0800eb44       0x46 ./Drivers/STM32H7xx_HAL_Driver/Src/stm32h7xx_ll_sdmmc.o
                0x0800eb44                SDMMC_CmdSelDesel
 .text.SDMMC_CmdGoIdleState
                0x0800eb8a       0x3c ./Drivers/STM32H7xx_HAL_Driver/Src/stm32h7xx_ll_sdmmc.o
                0x0800eb8a                SDMMC_CmdGoIdleState
 .text.SDMMC_CmdOperCond
                0x0800ebc6       0x40 ./Drivers/STM32H7xx_HAL_Driver/Src/stm32h7xx_ll_sdmmc.o
                0x0800ebc6                SDMMC_CmdOperCond
 .text.SDMMC_CmdAppCommand
                0x0800ec06       0x46 ./Drivers/STM32H7xx_HAL_Driver/Src/stm32h7xx_ll_sdmmc.o
                0x0800ec06                SDMMC_CmdAppCommand
 .text.SDMMC_CmdAppOperCommand
                0x0800ec4c       0x40 ./Drivers/STM32H7xx_HAL_Driver/Src/stm32h7xx_ll_sdmmc.o
                0x0800ec4c                SDMMC_CmdAppOperCommand
 .text.SDMMC_CmdBusWidth
                0x0800ec8c       0x46 ./Drivers/STM32H7xx_HAL_Driver/Src/stm32h7xx_ll_sdmmc.o
                0x0800ec8c                SDMMC_CmdBusWidth
 .text.SDMMC_CmdSendSCR
                0x0800ecd2       0x44 ./Drivers/STM32H7xx_HAL_Driver/Src/stm32h7xx_ll_sdmmc.o
                0x0800ecd2                SDMMC_CmdSendSCR
 .text.SDMMC_CmdSendCID
                0x0800ed16       0x3e ./Drivers/STM32H7xx_HAL_Driver/Src/stm32h7xx_ll_sdmmc.o
                0x0800ed16                SDMMC_CmdSendCID
 .text.SDMMC_CmdSendCSD
                0x0800ed54       0x40 ./Drivers/STM32H7xx_HAL_Driver/Src/stm32h7xx_ll_sdmmc.o
                0x0800ed54                SDMMC_CmdSendCSD
 .text.SDMMC_CmdSetRelAdd
                0x0800ed94       0x44 ./Drivers/STM32H7xx_HAL_Driver/Src/stm32h7xx_ll_sdmmc.o
                0x0800ed94                SDMMC_CmdSetRelAdd
 .text.SDMMC_CmdSendStatus
                0x0800edd8       0x46 ./Drivers/STM32H7xx_HAL_Driver/Src/stm32h7xx_ll_sdmmc.o
                0x0800edd8                SDMMC_CmdSendStatus
 .text.SDMMC_CmdStatusRegister
                0x0800ee1e       0x44 ./Drivers/STM32H7xx_HAL_Driver/Src/stm32h7xx_ll_sdmmc.o
                0x0800ee1e                SDMMC_CmdStatusRegister
 *fill*         0x0800ee62        0x2 
 .text.SDMMC_GetCmdResp1
                0x0800ee64      0x1e4 ./Drivers/STM32H7xx_HAL_Driver/Src/stm32h7xx_ll_sdmmc.o
                0x0800ee64                SDMMC_GetCmdResp1
 .text.SDMMC_GetCmdResp2
                0x0800f048       0x94 ./Drivers/STM32H7xx_HAL_Driver/Src/stm32h7xx_ll_sdmmc.o
                0x0800f048                SDMMC_GetCmdResp2
 .text.SDMMC_GetCmdResp3
                0x0800f0dc       0x80 ./Drivers/STM32H7xx_HAL_Driver/Src/stm32h7xx_ll_sdmmc.o
                0x0800f0dc                SDMMC_GetCmdResp3
 .text.SDMMC_GetCmdResp6
                0x0800f15c       0xf0 ./Drivers/STM32H7xx_HAL_Driver/Src/stm32h7xx_ll_sdmmc.o
                0x0800f15c                SDMMC_GetCmdResp6
 .text.SDMMC_GetCmdResp7
                0x0800f24c       0x9c ./Drivers/STM32H7xx_HAL_Driver/Src/stm32h7xx_ll_sdmmc.o
                0x0800f24c                SDMMC_GetCmdResp7
 .text.SDMMC_GetCmdError
                0x0800f2e8       0x5c ./Drivers/STM32H7xx_HAL_Driver/Src/stm32h7xx_ll_sdmmc.o
 .text.MX_FATFS_Init
                0x0800f344       0x24 ./FATFS/App/fatfs.o
                0x0800f344                MX_FATFS_Init
 .text.get_fattime
                0x0800f368       0x10 ./FATFS/App/fatfs.o
                0x0800f368                get_fattime
 .text.BSP_SD_Init
                0x0800f378       0x30 ./FATFS/Target/bsp_driver_sd.o
                0x0800f378                BSP_SD_Init
 .text.BSP_SD_ReadBlocks
                0x0800f3a8       0x3c ./FATFS/Target/bsp_driver_sd.o
                0x0800f3a8                BSP_SD_ReadBlocks
 .text.BSP_SD_WriteBlocks
                0x0800f3e4       0x3c ./FATFS/Target/bsp_driver_sd.o
                0x0800f3e4                BSP_SD_WriteBlocks
 .text.BSP_SD_GetCardState
                0x0800f420       0x20 ./FATFS/Target/bsp_driver_sd.o
                0x0800f420                BSP_SD_GetCardState
 .text.BSP_SD_GetCardInfo
                0x0800f440       0x1c ./FATFS/Target/bsp_driver_sd.o
                0x0800f440                BSP_SD_GetCardInfo
 .text.HAL_SD_TxCpltCallback
                0x0800f45c       0x14 ./FATFS/Target/bsp_driver_sd.o
                0x0800f45c                HAL_SD_TxCpltCallback
 .text.HAL_SD_RxCpltCallback
                0x0800f470       0x14 ./FATFS/Target/bsp_driver_sd.o
                0x0800f470                HAL_SD_RxCpltCallback
 .text.BSP_SD_WriteCpltCallback
                0x0800f484        0xe ./FATFS/Target/bsp_driver_sd.o
                0x0800f484                BSP_SD_WriteCpltCallback
 .text.BSP_SD_ReadCpltCallback
                0x0800f492        0xe ./FATFS/Target/bsp_driver_sd.o
                0x0800f492                BSP_SD_ReadCpltCallback
 .text.BSP_SD_IsDetected
                0x0800f4a0       0x24 ./FATFS/Target/bsp_driver_sd.o
                0x0800f4a0                BSP_SD_IsDetected
 .text.BSP_PlatformIsDetected
                0x0800f4c4       0x2c ./FATFS/Target/fatfs_platform.o
                0x0800f4c4                BSP_PlatformIsDetected
 .text.SD_CheckStatus
                0x0800f4f0       0x3c ./FATFS/Target/sd_diskio.o
 .text.SD_initialize
                0x0800f52c       0x3c ./FATFS/Target/sd_diskio.o
                0x0800f52c                SD_initialize
 .text.SD_status
                0x0800f568       0x1c ./FATFS/Target/sd_diskio.o
                0x0800f568                SD_status
 .text.SD_read  0x0800f584       0x42 ./FATFS/Target/sd_diskio.o
                0x0800f584                SD_read
 .text.SD_write
                0x0800f5c6       0x42 ./FATFS/Target/sd_diskio.o
                0x0800f5c6                SD_write
 .text.SD_ioctl
                0x0800f608       0xb0 ./FATFS/Target/sd_diskio.o
                0x0800f608                SD_ioctl
 .text.disk_status
                0x0800f6b8       0x34 ./Middlewares/Third_Party/FatFs/src/diskio.o
                0x0800f6b8                disk_status
 .text.disk_initialize
                0x0800f6ec       0x50 ./Middlewares/Third_Party/FatFs/src/diskio.o
                0x0800f6ec                disk_initialize
 .text.disk_read
                0x0800f73c       0x40 ./Middlewares/Third_Party/FatFs/src/diskio.o
                0x0800f73c                disk_read
 .text.disk_write
                0x0800f77c       0x40 ./Middlewares/Third_Party/FatFs/src/diskio.o
                0x0800f77c                disk_write
 .text.disk_ioctl
                0x0800f7bc       0x3c ./Middlewares/Third_Party/FatFs/src/diskio.o
                0x0800f7bc                disk_ioctl
 .text.ld_word  0x0800f7f8       0x32 ./Middlewares/Third_Party/FatFs/src/ff.o
 .text.ld_dword
                0x0800f82a       0x46 ./Middlewares/Third_Party/FatFs/src/ff.o
 .text.st_word  0x0800f870       0x36 ./Middlewares/Third_Party/FatFs/src/ff.o
 .text.st_dword
                0x0800f8a6       0x58 ./Middlewares/Third_Party/FatFs/src/ff.o
 .text.mem_cpy  0x0800f8fe       0x42 ./Middlewares/Third_Party/FatFs/src/ff.o
 .text.mem_set  0x0800f940       0x36 ./Middlewares/Third_Party/FatFs/src/ff.o
 .text.mem_cmp  0x0800f976       0x4e ./Middlewares/Third_Party/FatFs/src/ff.o
 .text.chk_chr  0x0800f9c4       0x36 ./Middlewares/Third_Party/FatFs/src/ff.o
 *fill*         0x0800f9fa        0x2 
 .text.chk_lock
                0x0800f9fc       0xb8 ./Middlewares/Third_Party/FatFs/src/ff.o
 .text.enq_lock
                0x0800fab4       0x44 ./Middlewares/Third_Party/FatFs/src/ff.o
 .text.inc_lock
                0x0800faf8      0x11c ./Middlewares/Third_Party/FatFs/src/ff.o
 .text.dec_lock
                0x0800fc14       0x78 ./Middlewares/Third_Party/FatFs/src/ff.o
 .text.clear_lock
                0x0800fc8c       0x48 ./Middlewares/Third_Party/FatFs/src/ff.o
 .text.sync_window
                0x0800fcd4       0x88 ./Middlewares/Third_Party/FatFs/src/ff.o
 .text.move_window
                0x0800fd5c       0x5a ./Middlewares/Third_Party/FatFs/src/ff.o
 *fill*         0x0800fdb6        0x2 
 .text.sync_fs  0x0800fdb8       0xdc ./Middlewares/Third_Party/FatFs/src/ff.o
 .text.clust2sect
                0x0800fe94       0x3e ./Middlewares/Third_Party/FatFs/src/ff.o
 .text.get_fat  0x0800fed2      0x14e ./Middlewares/Third_Party/FatFs/src/ff.o
 .text.put_fat  0x08010020      0x1d4 ./Middlewares/Third_Party/FatFs/src/ff.o
 .text.remove_chain
                0x080101f4       0xca ./Middlewares/Third_Party/FatFs/src/ff.o
 .text.create_chain
                0x080102be      0x130 ./Middlewares/Third_Party/FatFs/src/ff.o
 .text.clmt_clust
                0x080103ee       0x68 ./Middlewares/Third_Party/FatFs/src/ff.o
 .text.dir_sdi  0x08010456       0xf6 ./Middlewares/Third_Party/FatFs/src/ff.o
 .text.dir_next
                0x0801054c      0x18a ./Middlewares/Third_Party/FatFs/src/ff.o
 .text.dir_alloc
                0x080106d6       0x8e ./Middlewares/Third_Party/FatFs/src/ff.o
 .text.ld_clust
                0x08010764       0x3e ./Middlewares/Third_Party/FatFs/src/ff.o
 .text.st_clust
                0x080107a2       0x40 ./Middlewares/Third_Party/FatFs/src/ff.o
 .text.dir_find
                0x080107e2       0xaa ./Middlewares/Third_Party/FatFs/src/ff.o
 .text.dir_register
                0x0801088c       0x64 ./Middlewares/Third_Party/FatFs/src/ff.o
 .text.create_name
                0x080108f0      0x128 ./Middlewares/Third_Party/FatFs/src/ff.o
 .text.follow_path
                0x08010a18       0xe2 ./Middlewares/Third_Party/FatFs/src/ff.o
 .text.get_ldnumber
                0x08010afa       0x88 ./Middlewares/Third_Party/FatFs/src/ff.o
 *fill*         0x08010b82        0x2 
 .text.check_fs
                0x08010b84       0xac ./Middlewares/Third_Party/FatFs/src/ff.o
 .text.find_volume
                0x08010c30      0x498 ./Middlewares/Third_Party/FatFs/src/ff.o
 .text.validate
                0x080110c8       0x6a ./Middlewares/Third_Party/FatFs/src/ff.o
 *fill*         0x08011132        0x2 
 .text.f_mount  0x08011134       0x8c ./Middlewares/Third_Party/FatFs/src/ff.o
                0x08011134                f_mount
 .text.f_open   0x080111c0      0x374 ./Middlewares/Third_Party/FatFs/src/ff.o
                0x080111c0                f_open
 .text.f_write  0x08011534      0x2ea ./Middlewares/Third_Party/FatFs/src/ff.o
                0x08011534                f_write
 .text.f_sync   0x0801181e       0xfc ./Middlewares/Third_Party/FatFs/src/ff.o
                0x0801181e                f_sync
 .text.f_close  0x0801191a       0x54 ./Middlewares/Third_Party/FatFs/src/ff.o
                0x0801191a                f_close
 *fill*         0x0801196e        0x2 
 .text.FATFS_LinkDriverEx
                0x08011970       0x98 ./Middlewares/Third_Party/FatFs/src/ff_gen_drv.o
                0x08011970                FATFS_LinkDriverEx
 .text.FATFS_LinkDriver
                0x08011a08       0x1e ./Middlewares/Third_Party/FatFs/src/ff_gen_drv.o
                0x08011a08                FATFS_LinkDriver
 *fill*         0x08011a26        0x2 
 .text.std      0x08011a28       0x6c C:/ST/STM32CubeIDE_1.19.0/STM32CubeIDE/plugins/com.st.stm32cube.ide.mcu.externaltools.gnu-tools-for-stm32.13.3.rel1.win32_1.0.0.202411081344/tools/bin/../lib/gcc/arm-none-eabi/13.3.1/../../../../arm-none-eabi/lib/thumb/v7e-m+dp/hard\libc_nano.a(libc_a-findfp.o)
 .text.stdio_exit_handler
                0x08011a94       0x18 C:/ST/STM32CubeIDE_1.19.0/STM32CubeIDE/plugins/com.st.stm32cube.ide.mcu.externaltools.gnu-tools-for-stm32.13.3.rel1.win32_1.0.0.202411081344/tools/bin/../lib/gcc/arm-none-eabi/13.3.1/../../../../arm-none-eabi/lib/thumb/v7e-m+dp/hard\libc_nano.a(libc_a-findfp.o)
 .text.cleanup_stdio
                0x08011aac       0x40 C:/ST/STM32CubeIDE_1.19.0/STM32CubeIDE/plugins/com.st.stm32cube.ide.mcu.externaltools.gnu-tools-for-stm32.13.3.rel1.win32_1.0.0.202411081344/tools/bin/../lib/gcc/arm-none-eabi/13.3.1/../../../../arm-none-eabi/lib/thumb/v7e-m+dp/hard\libc_nano.a(libc_a-findfp.o)
 .text.global_stdio_init.part.0
                0x08011aec       0x3c C:/ST/STM32CubeIDE_1.19.0/STM32CubeIDE/plugins/com.st.stm32cube.ide.mcu.externaltools.gnu-tools-for-stm32.13.3.rel1.win32_1.0.0.202411081344/tools/bin/../lib/gcc/arm-none-eabi/13.3.1/../../../../arm-none-eabi/lib/thumb/v7e-m+dp/hard\libc_nano.a(libc_a-findfp.o)
 .text.__sfp_lock_acquire
                0x08011b28        0xc C:/ST/STM32CubeIDE_1.19.0/STM32CubeIDE/plugins/com.st.stm32cube.ide.mcu.externaltools.gnu-tools-for-stm32.13.3.rel1.win32_1.0.0.202411081344/tools/bin/../lib/gcc/arm-none-eabi/13.3.1/../../../../arm-none-eabi/lib/thumb/v7e-m+dp/hard\libc_nano.a(libc_a-findfp.o)
                0x08011b28                __sfp_lock_acquire
 .text.__sfp_lock_release
                0x08011b34        0xc C:/ST/STM32CubeIDE_1.19.0/STM32CubeIDE/plugins/com.st.stm32cube.ide.mcu.externaltools.gnu-tools-for-stm32.13.3.rel1.win32_1.0.0.202411081344/tools/bin/../lib/gcc/arm-none-eabi/13.3.1/../../../../arm-none-eabi/lib/thumb/v7e-m+dp/hard\libc_nano.a(libc_a-findfp.o)
                0x08011b34                __sfp_lock_release
 .text.__sinit  0x08011b40       0x30 C:/ST/STM32CubeIDE_1.19.0/STM32CubeIDE/plugins/com.st.stm32cube.ide.mcu.externaltools.gnu-tools-for-stm32.13.3.rel1.win32_1.0.0.202411081344/tools/bin/../lib/gcc/arm-none-eabi/13.3.1/../../../../arm-none-eabi/lib/thumb/v7e-m+dp/hard\libc_nano.a(libc_a-findfp.o)
                0x08011b40                __sinit
 .text._fwalk_sglue
                0x08011b70       0x3c C:/ST/STM32CubeIDE_1.19.0/STM32CubeIDE/plugins/com.st.stm32cube.ide.mcu.externaltools.gnu-tools-for-stm32.13.3.rel1.win32_1.0.0.202411081344/tools/bin/../lib/gcc/arm-none-eabi/13.3.1/../../../../arm-none-eabi/lib/thumb/v7e-m+dp/hard\libc_nano.a(libc_a-fwalk.o)
                0x08011b70                _fwalk_sglue
 .text.printf   0x08011bac       0x24 C:/ST/STM32CubeIDE_1.19.0/STM32CubeIDE/plugins/com.st.stm32cube.ide.mcu.externaltools.gnu-tools-for-stm32.13.3.rel1.win32_1.0.0.202411081344/tools/bin/../lib/gcc/arm-none-eabi/13.3.1/../../../../arm-none-eabi/lib/thumb/v7e-m+dp/hard\libc_nano.a(libc_a-printf.o)
                0x08011bac                iprintf
                0x08011bac                printf
 .text._puts_r  0x08011bd0       0xaa C:/ST/STM32CubeIDE_1.19.0/STM32CubeIDE/plugins/com.st.stm32cube.ide.mcu.externaltools.gnu-tools-for-stm32.13.3.rel1.win32_1.0.0.202411081344/tools/bin/../lib/gcc/arm-none-eabi/13.3.1/../../../../arm-none-eabi/lib/thumb/v7e-m+dp/hard\libc_nano.a(libc_a-puts.o)
                0x08011bd0                _puts_r
 *fill*         0x08011c7a        0x2 
 .text.puts     0x08011c7c       0x10 C:/ST/STM32CubeIDE_1.19.0/STM32CubeIDE/plugins/com.st.stm32cube.ide.mcu.externaltools.gnu-tools-for-stm32.13.3.rel1.win32_1.0.0.202411081344/tools/bin/../lib/gcc/arm-none-eabi/13.3.1/../../../../arm-none-eabi/lib/thumb/v7e-m+dp/hard\libc_nano.a(libc_a-puts.o)
                0x08011c7c                puts
 .text.__sread  0x08011c8c       0x22 C:/ST/STM32CubeIDE_1.19.0/STM32CubeIDE/plugins/com.st.stm32cube.ide.mcu.externaltools.gnu-tools-for-stm32.13.3.rel1.win32_1.0.0.202411081344/tools/bin/../lib/gcc/arm-none-eabi/13.3.1/../../../../arm-none-eabi/lib/thumb/v7e-m+dp/hard\libc_nano.a(libc_a-stdio.o)
                0x08011c8c                __sread
 .text.__swrite
                0x08011cae       0x38 C:/ST/STM32CubeIDE_1.19.0/STM32CubeIDE/plugins/com.st.stm32cube.ide.mcu.externaltools.gnu-tools-for-stm32.13.3.rel1.win32_1.0.0.202411081344/tools/bin/../lib/gcc/arm-none-eabi/13.3.1/../../../../arm-none-eabi/lib/thumb/v7e-m+dp/hard\libc_nano.a(libc_a-stdio.o)
                0x08011cae                __swrite
 .text.__sseek  0x08011ce6       0x24 C:/ST/STM32CubeIDE_1.19.0/STM32CubeIDE/plugins/com.st.stm32cube.ide.mcu.externaltools.gnu-tools-for-stm32.13.3.rel1.win32_1.0.0.202411081344/tools/bin/../lib/gcc/arm-none-eabi/13.3.1/../../../../arm-none-eabi/lib/thumb/v7e-m+dp/hard\libc_nano.a(libc_a-stdio.o)
                0x08011ce6                __sseek
 .text.__sclose
                0x08011d0a        0x8 C:/ST/STM32CubeIDE_1.19.0/STM32CubeIDE/plugins/com.st.stm32cube.ide.mcu.externaltools.gnu-tools-for-stm32.13.3.rel1.win32_1.0.0.202411081344/tools/bin/../lib/gcc/arm-none-eabi/13.3.1/../../../../arm-none-eabi/lib/thumb/v7e-m+dp/hard\libc_nano.a(libc_a-stdio.o)
                0x08011d0a                __sclose
 .text.__swbuf_r
                0x08011d12       0x7c C:/ST/STM32CubeIDE_1.19.0/STM32CubeIDE/plugins/com.st.stm32cube.ide.mcu.externaltools.gnu-tools-for-stm32.13.3.rel1.win32_1.0.0.202411081344/tools/bin/../lib/gcc/arm-none-eabi/13.3.1/../../../../arm-none-eabi/lib/thumb/v7e-m+dp/hard\libc_nano.a(libc_a-wbuf.o)
                0x08011d12                __swbuf_r
 *fill*         0x08011d8e        0x2 
 .text.__swsetup_r
                0x08011d90       0xac C:/ST/STM32CubeIDE_1.19.0/STM32CubeIDE/plugins/com.st.stm32cube.ide.mcu.externaltools.gnu-tools-for-stm32.13.3.rel1.win32_1.0.0.202411081344/tools/bin/../lib/gcc/arm-none-eabi/13.3.1/../../../../arm-none-eabi/lib/thumb/v7e-m+dp/hard\libc_nano.a(libc_a-wsetup.o)
                0x08011d90                __swsetup_r
 .text.memset   0x08011e3c       0x10 C:/ST/STM32CubeIDE_1.19.0/STM32CubeIDE/plugins/com.st.stm32cube.ide.mcu.externaltools.gnu-tools-for-stm32.13.3.rel1.win32_1.0.0.202411081344/tools/bin/../lib/gcc/arm-none-eabi/13.3.1/../../../../arm-none-eabi/lib/thumb/v7e-m+dp/hard\libc_nano.a(libc_a-memset.o)
                0x08011e3c                memset
 .text._close_r
                0x08011e4c       0x20 C:/ST/STM32CubeIDE_1.19.0/STM32CubeIDE/plugins/com.st.stm32cube.ide.mcu.externaltools.gnu-tools-for-stm32.13.3.rel1.win32_1.0.0.202411081344/tools/bin/../lib/gcc/arm-none-eabi/13.3.1/../../../../arm-none-eabi/lib/thumb/v7e-m+dp/hard\libc_nano.a(libc_a-closer.o)
                0x08011e4c                _close_r
 .text._lseek_r
                0x08011e6c       0x24 C:/ST/STM32CubeIDE_1.19.0/STM32CubeIDE/plugins/com.st.stm32cube.ide.mcu.externaltools.gnu-tools-for-stm32.13.3.rel1.win32_1.0.0.202411081344/tools/bin/../lib/gcc/arm-none-eabi/13.3.1/../../../../arm-none-eabi/lib/thumb/v7e-m+dp/hard\libc_nano.a(libc_a-lseekr.o)
                0x08011e6c                _lseek_r
 .text._read_r  0x08011e90       0x24 C:/ST/STM32CubeIDE_1.19.0/STM32CubeIDE/plugins/com.st.stm32cube.ide.mcu.externaltools.gnu-tools-for-stm32.13.3.rel1.win32_1.0.0.202411081344/tools/bin/../lib/gcc/arm-none-eabi/13.3.1/../../../../arm-none-eabi/lib/thumb/v7e-m+dp/hard\libc_nano.a(libc_a-readr.o)
                0x08011e90                _read_r
 .text._write_r
                0x08011eb4       0x24 C:/ST/STM32CubeIDE_1.19.0/STM32CubeIDE/plugins/com.st.stm32cube.ide.mcu.externaltools.gnu-tools-for-stm32.13.3.rel1.win32_1.0.0.202411081344/tools/bin/../lib/gcc/arm-none-eabi/13.3.1/../../../../arm-none-eabi/lib/thumb/v7e-m+dp/hard\libc_nano.a(libc_a-writer.o)
                0x08011eb4                _write_r
 .text.__errno  0x08011ed8        0xc C:/ST/STM32CubeIDE_1.19.0/STM32CubeIDE/plugins/com.st.stm32cube.ide.mcu.externaltools.gnu-tools-for-stm32.13.3.rel1.win32_1.0.0.202411081344/tools/bin/../lib/gcc/arm-none-eabi/13.3.1/../../../../arm-none-eabi/lib/thumb/v7e-m+dp/hard\libc_nano.a(libc_a-errno.o)
                0x08011ed8                __errno
 .text.__libc_init_array
                0x08011ee4       0x48 C:/ST/STM32CubeIDE_1.19.0/STM32CubeIDE/plugins/com.st.stm32cube.ide.mcu.externaltools.gnu-tools-for-stm32.13.3.rel1.win32_1.0.0.202411081344/tools/bin/../lib/gcc/arm-none-eabi/13.3.1/../../../../arm-none-eabi/lib/thumb/v7e-m+dp/hard\libc_nano.a(libc_a-init.o)
                0x08011ee4                __libc_init_array
 .text.__retarget_lock_init_recursive
                0x08011f2c        0x2 C:/ST/STM32CubeIDE_1.19.0/STM32CubeIDE/plugins/com.st.stm32cube.ide.mcu.externaltools.gnu-tools-for-stm32.13.3.rel1.win32_1.0.0.202411081344/tools/bin/../lib/gcc/arm-none-eabi/13.3.1/../../../../arm-none-eabi/lib/thumb/v7e-m+dp/hard\libc_nano.a(libc_a-lock.o)
                0x08011f2c                __retarget_lock_init_recursive
 .text.__retarget_lock_acquire_recursive
                0x08011f2e        0x2 C:/ST/STM32CubeIDE_1.19.0/STM32CubeIDE/plugins/com.st.stm32cube.ide.mcu.externaltools.gnu-tools-for-stm32.13.3.rel1.win32_1.0.0.202411081344/tools/bin/../lib/gcc/arm-none-eabi/13.3.1/../../../../arm-none-eabi/lib/thumb/v7e-m+dp/hard\libc_nano.a(libc_a-lock.o)
                0x08011f2e                __retarget_lock_acquire_recursive
 .text.__retarget_lock_release_recursive
                0x08011f30        0x2 C:/ST/STM32CubeIDE_1.19.0/STM32CubeIDE/plugins/com.st.stm32cube.ide.mcu.externaltools.gnu-tools-for-stm32.13.3.rel1.win32_1.0.0.202411081344/tools/bin/../lib/gcc/arm-none-eabi/13.3.1/../../../../arm-none-eabi/lib/thumb/v7e-m+dp/hard\libc_nano.a(libc_a-lock.o)
                0x08011f30                __retarget_lock_release_recursive
 .text.memcpy   0x08011f32       0x1c C:/ST/STM32CubeIDE_1.19.0/STM32CubeIDE/plugins/com.st.stm32cube.ide.mcu.externaltools.gnu-tools-for-stm32.13.3.rel1.win32_1.0.0.202411081344/tools/bin/../lib/gcc/arm-none-eabi/13.3.1/../../../../arm-none-eabi/lib/thumb/v7e-m+dp/hard\libc_nano.a(libc_a-memcpy-stub.o)
                0x08011f32                memcpy
 *fill*         0x08011f4e        0x2 
 .text._free_r  0x08011f50       0x94 C:/ST/STM32CubeIDE_1.19.0/STM32CubeIDE/plugins/com.st.stm32cube.ide.mcu.externaltools.gnu-tools-for-stm32.13.3.rel1.win32_1.0.0.202411081344/tools/bin/../lib/gcc/arm-none-eabi/13.3.1/../../../../arm-none-eabi/lib/thumb/v7e-m+dp/hard\libc_nano.a(libc_a-freer.o)
                0x08011f50                _free_r
 .text.sbrk_aligned
                0x08011fe4       0x44 C:/ST/STM32CubeIDE_1.19.0/STM32CubeIDE/plugins/com.st.stm32cube.ide.mcu.externaltools.gnu-tools-for-stm32.13.3.rel1.win32_1.0.0.202411081344/tools/bin/../lib/gcc/arm-none-eabi/13.3.1/../../../../arm-none-eabi/lib/thumb/v7e-m+dp/hard\libc_nano.a(libc_a-mallocr.o)
 .text._malloc_r
                0x08012028      0x100 C:/ST/STM32CubeIDE_1.19.0/STM32CubeIDE/plugins/com.st.stm32cube.ide.mcu.externaltools.gnu-tools-for-stm32.13.3.rel1.win32_1.0.0.202411081344/tools/bin/../lib/gcc/arm-none-eabi/13.3.1/../../../../arm-none-eabi/lib/thumb/v7e-m+dp/hard\libc_nano.a(libc_a-mallocr.o)
                0x08012028                _malloc_r
 .text.__malloc_lock
                0x08012128        0xc C:/ST/STM32CubeIDE_1.19.0/STM32CubeIDE/plugins/com.st.stm32cube.ide.mcu.externaltools.gnu-tools-for-stm32.13.3.rel1.win32_1.0.0.202411081344/tools/bin/../lib/gcc/arm-none-eabi/13.3.1/../../../../arm-none-eabi/lib/thumb/v7e-m+dp/hard\libc_nano.a(libc_a-mlock.o)
                0x08012128                __malloc_lock
 .text.__malloc_unlock
                0x08012134        0xc C:/ST/STM32CubeIDE_1.19.0/STM32CubeIDE/plugins/com.st.stm32cube.ide.mcu.externaltools.gnu-tools-for-stm32.13.3.rel1.win32_1.0.0.202411081344/tools/bin/../lib/gcc/arm-none-eabi/13.3.1/../../../../arm-none-eabi/lib/thumb/v7e-m+dp/hard\libc_nano.a(libc_a-mlock.o)
                0x08012134                __malloc_unlock
 .text.__sfputc_r
                0x08012140       0x2e C:/ST/STM32CubeIDE_1.19.0/STM32CubeIDE/plugins/com.st.stm32cube.ide.mcu.externaltools.gnu-tools-for-stm32.13.3.rel1.win32_1.0.0.202411081344/tools/bin/../lib/gcc/arm-none-eabi/13.3.1/../../../../arm-none-eabi/lib/thumb/v7e-m+dp/hard\libc_nano.a(libc_a-nano-vfprintf.o)
 .text.__sfputs_r
                0x0801216e       0x24 C:/ST/STM32CubeIDE_1.19.0/STM32CubeIDE/plugins/com.st.stm32cube.ide.mcu.externaltools.gnu-tools-for-stm32.13.3.rel1.win32_1.0.0.202411081344/tools/bin/../lib/gcc/arm-none-eabi/13.3.1/../../../../arm-none-eabi/lib/thumb/v7e-m+dp/hard\libc_nano.a(libc_a-nano-vfprintf.o)
                0x0801216e                __sfputs_r
 *fill*         0x08012192        0x2 
 .text._vfprintf_r
                0x08012194      0x230 C:/ST/STM32CubeIDE_1.19.0/STM32CubeIDE/plugins/com.st.stm32cube.ide.mcu.externaltools.gnu-tools-for-stm32.13.3.rel1.win32_1.0.0.202411081344/tools/bin/../lib/gcc/arm-none-eabi/13.3.1/../../../../arm-none-eabi/lib/thumb/v7e-m+dp/hard\libc_nano.a(libc_a-nano-vfprintf.o)
                0x08012194                _vfprintf_r
                0x08012194                _vfiprintf_r
 .text._printf_common
                0x080123c4       0xda C:/ST/STM32CubeIDE_1.19.0/STM32CubeIDE/plugins/com.st.stm32cube.ide.mcu.externaltools.gnu-tools-for-stm32.13.3.rel1.win32_1.0.0.202411081344/tools/bin/../lib/gcc/arm-none-eabi/13.3.1/../../../../arm-none-eabi/lib/thumb/v7e-m+dp/hard\libc_nano.a(libc_a-nano-vfprintf_i.o)
                0x080123c4                _printf_common
 *fill*         0x0801249e        0x2 
 .text._printf_i
                0x080124a0      0x23c C:/ST/STM32CubeIDE_1.19.0/STM32CubeIDE/plugins/com.st.stm32cube.ide.mcu.externaltools.gnu-tools-for-stm32.13.3.rel1.win32_1.0.0.202411081344/tools/bin/../lib/gcc/arm-none-eabi/13.3.1/../../../../arm-none-eabi/lib/thumb/v7e-m+dp/hard\libc_nano.a(libc_a-nano-vfprintf_i.o)
                0x080124a0                _printf_i
 .text.__sflush_r
                0x080126dc      0x108 C:/ST/STM32CubeIDE_1.19.0/STM32CubeIDE/plugins/com.st.stm32cube.ide.mcu.externaltools.gnu-tools-for-stm32.13.3.rel1.win32_1.0.0.202411081344/tools/bin/../lib/gcc/arm-none-eabi/13.3.1/../../../../arm-none-eabi/lib/thumb/v7e-m+dp/hard\libc_nano.a(libc_a-fflush.o)
                0x080126dc                __sflush_r
 .text._fflush_r
                0x080127e4       0x50 C:/ST/STM32CubeIDE_1.19.0/STM32CubeIDE/plugins/com.st.stm32cube.ide.mcu.externaltools.gnu-tools-for-stm32.13.3.rel1.win32_1.0.0.202411081344/tools/bin/../lib/gcc/arm-none-eabi/13.3.1/../../../../arm-none-eabi/lib/thumb/v7e-m+dp/hard\libc_nano.a(libc_a-fflush.o)
                0x080127e4                _fflush_r
 .text.__swhatbuf_r
                0x08012834       0x4c C:/ST/STM32CubeIDE_1.19.0/STM32CubeIDE/plugins/com.st.stm32cube.ide.mcu.externaltools.gnu-tools-for-stm32.13.3.rel1.win32_1.0.0.202411081344/tools/bin/../lib/gcc/arm-none-eabi/13.3.1/../../../../arm-none-eabi/lib/thumb/v7e-m+dp/hard\libc_nano.a(libc_a-makebuf.o)
                0x08012834                __swhatbuf_r
 .text.__smakebuf_r
                0x08012880       0x78 C:/ST/STM32CubeIDE_1.19.0/STM32CubeIDE/plugins/com.st.stm32cube.ide.mcu.externaltools.gnu-tools-for-stm32.13.3.rel1.win32_1.0.0.202411081344/tools/bin/../lib/gcc/arm-none-eabi/13.3.1/../../../../arm-none-eabi/lib/thumb/v7e-m+dp/hard\libc_nano.a(libc_a-makebuf.o)
                0x08012880                __smakebuf_r
 .text._fstat_r
                0x080128f8       0x24 C:/ST/STM32CubeIDE_1.19.0/STM32CubeIDE/plugins/com.st.stm32cube.ide.mcu.externaltools.gnu-tools-for-stm32.13.3.rel1.win32_1.0.0.202411081344/tools/bin/../lib/gcc/arm-none-eabi/13.3.1/../../../../arm-none-eabi/lib/thumb/v7e-m+dp/hard\libc_nano.a(libc_a-fstatr.o)
                0x080128f8                _fstat_r
 .text._isatty_r
                0x0801291c       0x20 C:/ST/STM32CubeIDE_1.19.0/STM32CubeIDE/plugins/com.st.stm32cube.ide.mcu.externaltools.gnu-tools-for-stm32.13.3.rel1.win32_1.0.0.202411081344/tools/bin/../lib/gcc/arm-none-eabi/13.3.1/../../../../arm-none-eabi/lib/thumb/v7e-m+dp/hard\libc_nano.a(libc_a-isattyr.o)
                0x0801291c                _isatty_r
 .text._sbrk_r  0x0801293c       0x20 C:/ST/STM32CubeIDE_1.19.0/STM32CubeIDE/plugins/com.st.stm32cube.ide.mcu.externaltools.gnu-tools-for-stm32.13.3.rel1.win32_1.0.0.202411081344/tools/bin/../lib/gcc/arm-none-eabi/13.3.1/../../../../arm-none-eabi/lib/thumb/v7e-m+dp/hard\libc_nano.a(libc_a-sbrkr.o)
                0x0801293c                _sbrk_r
 *(.glue_7)
 .glue_7        0x0801295c        0x0 linker stubs
 *(.glue_7t)
 .glue_7t       0x0801295c        0x0 linker stubs
 *(.eh_frame)
 .eh_frame      0x0801295c        0x0 C:/ST/STM32CubeIDE_1.19.0/STM32CubeIDE/plugins/com.st.stm32cube.ide.mcu.externaltools.gnu-tools-for-stm32.13.3.rel1.win32_1.0.0.202411081344/tools/bin/../lib/gcc/arm-none-eabi/13.3.1/thumb/v7e-m+dp/hard/crtbegin.o
 *(.init)
 .init          0x0801295c        0x4 C:/ST/STM32CubeIDE_1.19.0/STM32CubeIDE/plugins/com.st.stm32cube.ide.mcu.externaltools.gnu-tools-for-stm32.13.3.rel1.win32_1.0.0.202411081344/tools/bin/../lib/gcc/arm-none-eabi/13.3.1/thumb/v7e-m+dp/hard/crti.o
                0x0801295c                _init
 .init          0x08012960        0x8 C:/ST/STM32CubeIDE_1.19.0/STM32CubeIDE/plugins/com.st.stm32cube.ide.mcu.externaltools.gnu-tools-for-stm32.13.3.rel1.win32_1.0.0.202411081344/tools/bin/../lib/gcc/arm-none-eabi/13.3.1/thumb/v7e-m+dp/hard/crtn.o
 *(.fini)
 .fini          0x08012968        0x4 C:/ST/STM32CubeIDE_1.19.0/STM32CubeIDE/plugins/com.st.stm32cube.ide.mcu.externaltools.gnu-tools-for-stm32.13.3.rel1.win32_1.0.0.202411081344/tools/bin/../lib/gcc/arm-none-eabi/13.3.1/thumb/v7e-m+dp/hard/crti.o
                0x08012968                _fini
 .fini          0x0801296c        0x8 C:/ST/STM32CubeIDE_1.19.0/STM32CubeIDE/plugins/com.st.stm32cube.ide.mcu.externaltools.gnu-tools-for-stm32.13.3.rel1.win32_1.0.0.202411081344/tools/bin/../lib/gcc/arm-none-eabi/13.3.1/thumb/v7e-m+dp/hard/crtn.o
                0x08012974                        . = ALIGN (0x4)
                0x08012974                        _etext = .

.vfp11_veneer   0x08012974        0x0
 .vfp11_veneer  0x08012974        0x0 linker stubs

.v4_bx          0x08012974        0x0
 .v4_bx         0x08012974        0x0 linker stubs

.iplt           0x08012974        0x0
 .iplt          0x08012974        0x0 C:/ST/STM32CubeIDE_1.19.0/STM32CubeIDE/plugins/com.st.stm32cube.ide.mcu.externaltools.gnu-tools-for-stm32.13.3.rel1.win32_1.0.0.202411081344/tools/bin/../lib/gcc/arm-none-eabi/13.3.1/thumb/v7e-m+dp/hard/crtbegin.o

.rodata         0x08012974      0x224
                0x08012974                        . = ALIGN (0x4)
 *(.rodata)
 .rodata        0x08012974       0x79 ./Core/Src/main.o
 *fill*         0x080129ed        0x3 
 .rodata        0x080129f0       0x4c ./Drivers/STM32H7xx_HAL_Driver/Src/stm32h7xx_hal_fdcan.o
 .rodata        0x08012a3c       0x44 ./Middlewares/Third_Party/FatFs/src/ff.o
 *(.rodata*)
 .rodata.D1CorePrescTable
                0x08012a80       0x10 ./Core/Src/system_stm32h7xx.o
                0x08012a80                D1CorePrescTable
 .rodata.flagBitshiftOffset.0
                0x08012a90        0x8 ./Drivers/STM32H7xx_HAL_Driver/Src/stm32h7xx_hal_dma.o
 .rodata.DLCtoBytes
                0x08012a98       0x10 ./Drivers/STM32H7xx_HAL_Driver/Src/stm32h7xx_hal_fdcan.o
 .rodata.UARTPrescTable
                0x08012aa8       0x18 ./Drivers/STM32H7xx_HAL_Driver/Src/stm32h7xx_hal_uart.o
                0x08012aa8                UARTPrescTable
 .rodata.numerator.1
                0x08012ac0        0x8 ./Drivers/STM32H7xx_HAL_Driver/Src/stm32h7xx_hal_uart_ex.o
 .rodata.denominator.0
                0x08012ac8        0x8 ./Drivers/STM32H7xx_HAL_Driver/Src/stm32h7xx_hal_uart_ex.o
 .rodata.SD_Driver
                0x08012ad0       0x14 ./FATFS/Target/sd_diskio.o
                0x08012ad0                SD_Driver
 .rodata.ExCvt  0x08012ae4       0x80 ./Middlewares/Third_Party/FatFs/src/ff.o
 .rodata._vfprintf_r.str1.1
                0x08012b64       0x33 C:/ST/STM32CubeIDE_1.19.0/STM32CubeIDE/plugins/com.st.stm32cube.ide.mcu.externaltools.gnu-tools-for-stm32.13.3.rel1.win32_1.0.0.202411081344/tools/bin/../lib/gcc/arm-none-eabi/13.3.1/../../../../arm-none-eabi/lib/thumb/v7e-m+dp/hard\libc_nano.a(libc_a-nano-vfprintf.o)
                                 0x11 (size before relaxing)
 .rodata._printf_i.str1.1
                0x08012b97       0x22 C:/ST/STM32CubeIDE_1.19.0/STM32CubeIDE/plugins/com.st.stm32cube.ide.mcu.externaltools.gnu-tools-for-stm32.13.3.rel1.win32_1.0.0.202411081344/tools/bin/../lib/gcc/arm-none-eabi/13.3.1/../../../../arm-none-eabi/lib/thumb/v7e-m+dp/hard\libc_nano.a(libc_a-nano-vfprintf_i.o)
                0x08012bbc                        . = ALIGN (0x4)
 *fill*         0x08012b97        0x1 

.ARM.extab
 *(.ARM.extab* .gnu.linkonce.armextab.*)

.ARM            0x08012b98        0x8
                0x08012b98                        __exidx_start = .
 *(.ARM.exidx*)
 .ARM.exidx     0x08012b98        0x8 C:/ST/STM32CubeIDE_1.19.0/STM32CubeIDE/plugins/com.st.stm32cube.ide.mcu.externaltools.gnu-tools-for-stm32.13.3.rel1.win32_1.0.0.202411081344/tools/bin/../lib/gcc/arm-none-eabi/13.3.1/../../../../arm-none-eabi/lib/thumb/v7e-m+dp/hard\libc_nano.a(libc_a-memchr.o)
 .ARM.exidx     0x08012ba0        0x0 C:/ST/STM32CubeIDE_1.19.0/STM32CubeIDE/plugins/com.st.stm32cube.ide.mcu.externaltools.gnu-tools-for-stm32.13.3.rel1.win32_1.0.0.202411081344/tools/bin/../lib/gcc/arm-none-eabi/13.3.1/thumb/v7e-m+dp/hard\libgcc.a(_udivmoddi4.o)
                                  0x8 (size before relaxing)
                0x08012ba0                        __exidx_end = .

.preinit_array  0x08012ba0        0x0
                0x08012ba0                        PROVIDE (__preinit_array_start = .)
 *(.preinit_array*)
                0x08012ba0                        PROVIDE (__preinit_array_end = .)

.init_array     0x08012ba0        0x4
                0x08012ba0                        PROVIDE (__init_array_start = .)
 *(SORT_BY_NAME(.init_array.*))
 *(.init_array*)
 .init_array    0x08012ba0        0x4 C:/ST/STM32CubeIDE_1.19.0/STM32CubeIDE/plugins/com.st.stm32cube.ide.mcu.externaltools.gnu-tools-for-stm32.13.3.rel1.win32_1.0.0.202411081344/tools/bin/../lib/gcc/arm-none-eabi/13.3.1/thumb/v7e-m+dp/hard/crtbegin.o
                0x08012ba4                        PROVIDE (__init_array_end = .)

.fini_array     0x08012ba4        0x4
                [!provide]                        PROVIDE (__fini_array_start = .)
 *(SORT_BY_NAME(.fini_array.*))
 *(.fini_array*)
 .fini_array    0x08012ba4        0x4 C:/ST/STM32CubeIDE_1.19.0/STM32CubeIDE/plugins/com.st.stm32cube.ide.mcu.externaltools.gnu-tools-for-stm32.13.3.rel1.win32_1.0.0.202411081344/tools/bin/../lib/gcc/arm-none-eabi/13.3.1/thumb/v7e-m+dp/hard/crtbegin.o
                [!provide]                        PROVIDE (__fini_array_end = .)
                0x08012ba8                        _sidata = LOADADDR (.data)

.rel.dyn        0x08012ba8        0x0
 .rel.iplt      0x08012ba8        0x0 C:/ST/STM32CubeIDE_1.19.0/STM32CubeIDE/plugins/com.st.stm32cube.ide.mcu.externaltools.gnu-tools-for-stm32.13.3.rel1.win32_1.0.0.202411081344/tools/bin/../lib/gcc/arm-none-eabi/13.3.1/thumb/v7e-m+dp/hard/crtbegin.o

.data           0x24000000       0x6c load address 0x08012ba8
                0x24000000                        . = ALIGN (0x4)
                0x24000000                        _sdata = .
 *(.data)
 *(.data*)
 .data.SystemCoreClock
                0x24000000        0x4 ./Core/Src/system_stm32h7xx.o
                0x24000000                SystemCoreClock
 .data.SystemD2Clock
                0x24000004        0x4 ./Core/Src/system_stm32h7xx.o
                0x24000004                SystemD2Clock
 .data.uwTickPrio
                0x24000008        0x4 ./Drivers/STM32H7xx_HAL_Driver/Src/stm32h7xx_hal.o
                0x24000008                uwTickPrio
 .data.uwTickFreq
                0x2400000c        0x1 ./Drivers/STM32H7xx_HAL_Driver/Src/stm32h7xx_hal.o
                0x2400000c                uwTickFreq
 .data.Stat     0x2400000d        0x1 ./FATFS/Target/sd_diskio.o
 *fill*         0x2400000e        0x2 
 .data.__sglue  0x24000010        0xc C:/ST/STM32CubeIDE_1.19.0/STM32CubeIDE/plugins/com.st.stm32cube.ide.mcu.externaltools.gnu-tools-for-stm32.13.3.rel1.win32_1.0.0.202411081344/tools/bin/../lib/gcc/arm-none-eabi/13.3.1/../../../../arm-none-eabi/lib/thumb/v7e-m+dp/hard\libc_nano.a(libc_a-findfp.o)
                0x24000010                __sglue
 .data._impure_ptr
                0x2400001c        0x4 C:/ST/STM32CubeIDE_1.19.0/STM32CubeIDE/plugins/com.st.stm32cube.ide.mcu.externaltools.gnu-tools-for-stm32.13.3.rel1.win32_1.0.0.202411081344/tools/bin/../lib/gcc/arm-none-eabi/13.3.1/../../../../arm-none-eabi/lib/thumb/v7e-m+dp/hard\libc_nano.a(libc_a-impure.o)
                0x2400001c                _impure_ptr
 .data._impure_data
                0x24000020       0x4c C:/ST/STM32CubeIDE_1.19.0/STM32CubeIDE/plugins/com.st.stm32cube.ide.mcu.externaltools.gnu-tools-for-stm32.13.3.rel1.win32_1.0.0.202411081344/tools/bin/../lib/gcc/arm-none-eabi/13.3.1/../../../../arm-none-eabi/lib/thumb/v7e-m+dp/hard\libc_nano.a(libc_a-impure.o)
                0x24000020                _impure_data
 *(.RamFunc)
 *(.RamFunc*)
                0x2400006c                        . = ALIGN (0x4)
                0x2400006c                        _edata = .

.igot.plt       0x2400006c        0x0 load address 0x08012c14
 .igot.plt      0x2400006c        0x0 C:/ST/STM32CubeIDE_1.19.0/STM32CubeIDE/plugins/com.st.stm32cube.ide.mcu.externaltools.gnu-tools-for-stm32.13.3.rel1.win32_1.0.0.202411081344/tools/bin/../lib/gcc/arm-none-eabi/13.3.1/thumb/v7e-m+dp/hard/crtbegin.o
                0x2400006c                        . = ALIGN (0x4)

.bss            0x2400006c      0x7a8 load address 0x08012c14
                0x2400006c                        _sbss = .
                0x2400006c                        __bss_start__ = _sbss
 *(.bss)
 .bss           0x2400006c       0x1c C:/ST/STM32CubeIDE_1.19.0/STM32CubeIDE/plugins/com.st.stm32cube.ide.mcu.externaltools.gnu-tools-for-stm32.13.3.rel1.win32_1.0.0.202411081344/tools/bin/../lib/gcc/arm-none-eabi/13.3.1/thumb/v7e-m+dp/hard/crtbegin.o
 *(.bss*)
 .bss.hfdcan2   0x24000088       0xa0 ./Core/Src/main.o
                0x24000088                hfdcan2
 .bss.hsd2      0x24000128       0x7c ./Core/Src/main.o
                0x24000128                hsd2
 .bss.htim2     0x240001a4       0x4c ./Core/Src/main.o
                0x240001a4                htim2
 .bss.hdma_tim2_ch3
                0x240001f0       0x78 ./Core/Src/main.o
                0x240001f0                hdma_tim2_ch3
 .bss.huart4    0x24000268       0x94 ./Core/Src/main.o
                0x24000268                huart4
 .bss.huart1    0x240002fc       0x94 ./Core/Src/main.o
                0x240002fc                huart1
 .bss.RxHeader  0x24000390       0x28 ./Core/Src/main.o
                0x24000390                RxHeader
 .bss.sFilterConfig
                0x240003b8       0x20 ./Core/Src/main.o
                0x240003b8                sFilterConfig
 .bss.canQueue  0x240003d8      0x200 ./Core/Src/main.o
                0x240003d8                canQueue
 .bss.canHead   0x240005d8        0x4 ./Core/Src/main.o
                0x240005d8                canHead
 .bss.canTail   0x240005dc        0x4 ./Core/Src/main.o
                0x240005dc                canTail
 .bss.RxData    0x240005e0        0x8 ./Core/Src/main.o
                0x240005e0                RxData
 .bss.dados     0x240005e8       0x94 ./Core/Src/main.o
                0x240005e8                dados
 .bss.__sbrk_heap_end
                0x2400067c        0x4 ./Core/Src/sysmem.o
 .bss.uwTick    0x24000680        0x4 ./Drivers/STM32H7xx_HAL_Driver/Src/stm32h7xx_hal.o
                0x24000680                uwTick
 .bss.retSD     0x24000684        0x1 ./FATFS/App/fatfs.o
                0x24000684                retSD
 *fill*         0x24000685        0x3 
 .bss.SDPath    0x24000688        0x4 ./FATFS/App/fatfs.o
                0x24000688                SDPath
 .bss.FatFs     0x2400068c        0x8 ./Middlewares/Third_Party/FatFs/src/ff.o
 .bss.Fsid      0x24000694        0x2 ./Middlewares/Third_Party/FatFs/src/ff.o
 *fill*         0x24000696        0x2 
 .bss.Files     0x24000698       0x20 ./Middlewares/Third_Party/FatFs/src/ff.o
 .bss.disk      0x240006b8       0x10 ./Middlewares/Third_Party/FatFs/src/ff_gen_drv.o
                0x240006b8                disk
 .bss.__sf      0x240006c8      0x138 C:/ST/STM32CubeIDE_1.19.0/STM32CubeIDE/plugins/com.st.stm32cube.ide.mcu.externaltools.gnu-tools-for-stm32.13.3.rel1.win32_1.0.0.202411081344/tools/bin/../lib/gcc/arm-none-eabi/13.3.1/../../../../arm-none-eabi/lib/thumb/v7e-m+dp/hard\libc_nano.a(libc_a-findfp.o)
                0x240006c8                __sf
 .bss.__stdio_exit_handler
                0x24000800        0x4 C:/ST/STM32CubeIDE_1.19.0/STM32CubeIDE/plugins/com.st.stm32cube.ide.mcu.externaltools.gnu-tools-for-stm32.13.3.rel1.win32_1.0.0.202411081344/tools/bin/../lib/gcc/arm-none-eabi/13.3.1/../../../../arm-none-eabi/lib/thumb/v7e-m+dp/hard\libc_nano.a(libc_a-findfp.o)
                0x24000800                __stdio_exit_handler
 .bss.errno     0x24000804        0x4 C:/ST/STM32CubeIDE_1.19.0/STM32CubeIDE/plugins/com.st.stm32cube.ide.mcu.externaltools.gnu-tools-for-stm32.13.3.rel1.win32_1.0.0.202411081344/tools/bin/../lib/gcc/arm-none-eabi/13.3.1/../../../../arm-none-eabi/lib/thumb/v7e-m+dp/hard\libc_nano.a(libc_a-reent.o)
                0x24000804                errno
 .bss.__lock___malloc_recursive_mutex
                0x24000808        0x1 C:/ST/STM32CubeIDE_1.19.0/STM32CubeIDE/plugins/com.st.stm32cube.ide.mcu.externaltools.gnu-tools-for-stm32.13.3.rel1.win32_1.0.0.202411081344/tools/bin/../lib/gcc/arm-none-eabi/13.3.1/../../../../arm-none-eabi/lib/thumb/v7e-m+dp/hard\libc_nano.a(libc_a-lock.o)
                0x24000808                __lock___malloc_recursive_mutex
 .bss.__lock___sfp_recursive_mutex
                0x24000809        0x1 C:/ST/STM32CubeIDE_1.19.0/STM32CubeIDE/plugins/com.st.stm32cube.ide.mcu.externaltools.gnu-tools-for-stm32.13.3.rel1.win32_1.0.0.202411081344/tools/bin/../lib/gcc/arm-none-eabi/13.3.1/../../../../arm-none-eabi/lib/thumb/v7e-m+dp/hard\libc_nano.a(libc_a-lock.o)
                0x24000809                __lock___sfp_recursive_mutex
 *fill*         0x2400080a        0x2 
 .bss.__malloc_sbrk_start
                0x2400080c        0x4 C:/ST/STM32CubeIDE_1.19.0/STM32CubeIDE/plugins/com.st.stm32cube.ide.mcu.externaltools.gnu-tools-for-stm32.13.3.rel1.win32_1.0.0.202411081344/tools/bin/../lib/gcc/arm-none-eabi/13.3.1/../../../../arm-none-eabi/lib/thumb/v7e-m+dp/hard\libc_nano.a(libc_a-mallocr.o)
                0x2400080c                __malloc_sbrk_start
 .bss.__malloc_free_list
                0x24000810        0x4 C:/ST/STM32CubeIDE_1.19.0/STM32CubeIDE/plugins/com.st.stm32cube.ide.mcu.externaltools.gnu-tools-for-stm32.13.3.rel1.win32_1.0.0.202411081344/tools/bin/../lib/gcc/arm-none-eabi/13.3.1/../../../../arm-none-eabi/lib/thumb/v7e-m+dp/hard\libc_nano.a(libc_a-mallocr.o)
                0x24000810                __malloc_free_list
 *(COMMON)
                0x24000814                        . = ALIGN (0x4)
                0x24000814                        _ebss = .
                0x24000814                        __bss_end__ = _ebss

._user_heap_stack
                0x24000814     0x6004 load address 0x08012c14
                0x24000818                        . = ALIGN (0x8)
 *fill*         0x24000814        0x4 
                [!provide]                        PROVIDE (end = .)
                0x24000818                        PROVIDE (_end = .)
                0x24002818                        . = (. + _Min_Heap_Size)
 *fill*         0x24000818     0x2000 
                0x24006818                        . = (. + _Min_Stack_Size)
 *fill*         0x24002818     0x4000 
                0x24006818                        . = ALIGN (0x8)

/DISCARD/
 libc.a(*)
 libm.a(*)
 libgcc.a(*)

.ARM.attributes
                0x00000000       0x2e
 *(.ARM.attributes)
 .ARM.attributes