../Drivers/CMSIS/Include/core_cm7.h:2156:34:__NVIC_SystemReset	4	static,ignoring_inline_asm
C:\ST\STM32CubeIDE_1.19.0\STM32CubeIDE\plugins\com.st.stm32cube.ide.mcu.externaltools.gnu-tools-for-stm32.13.3.rel1.win32_1.0.0.202411081344\tools\bin/../lib/gcc/arm-none-eabi/13.3.1/../../../../arm-none-eabi/include/stdio.h:220:5:fputc	16	static
../Core/Src/main.c:115:5:_write	24	static
../Core/Src/main.c:126:6:HAL_TIM_PWM_PulseFinishedCallback	16	static
../Core/Src/main.c:131:6:ws2812_show	8	static
../Core/Src/main.c:141:6:led_rgb	88	static
../Core/Src/main.c:194:6:blink_rgb	8	static
../Core/Src/main.c:205:6:HAL_FDCAN_RxFifo0Callback	56	static
../Core/Src/main.c:231:5:main	1160	static
../Core/Src/main.c:402:6:SystemClock_Config	120	static
../Core/Src/main.c:460:13:MX_FDCAN2_Init	8	static
../Core/Src/main.c:526:13:MX_SDMMC2_SD_Init	16	static
../Core/Src/main.c:578:13:MX_TIM2_Init	64	static
../Core/Src/main.c:633:13:MX_UART4_Init	8	static
../Core/Src/main.c:678:13:MX_USART1_UART_Init	8	static
../Core/Src/main.c:721:13:MX_DMA_Init	16	static
../Core/Src/main.c:738:13:MX_GPIO_Init	48	static
../Core/Src/main.c:800:6:MPU_Config	24	static
../Core/Src/main.c:830:6:Error_Handler	4	static,ignoring_inline_asm
