C:\ST\STM32CubeIDE_1.19.0\STM32CubeIDE\plugins\com.st.stm32cube.ide.mcu.externaltools.gnu-tools-for-stm32.13.3.rel1.win32_1.0.0.202411081344\tools\bin/../lib/gcc/arm-none-eabi/13.3.1/../../../../arm-none-eabi/include/stdio.h:220:5:fputc	1
../Core/Src/main.c:95:6:HAL_FDCAN_RxFifo0Callback	3
../Core/Src/main.c:145:5:main	4
../Core/Src/main.c:262:6:SystemClock_Config	4
../Core/Src/main.c:323:13:MX_FDCAN2_Init	2
../Core/Src/main.c:405:13:MX_USART1_UART_Init	5
../Core/Src/main.c:453:13:MX_GPIO_Init	1
../Core/Src/main.c:548:6:MPU_Config	1
../Core/Src/main.c:579:6:Error_Handler	1
