../Drivers/CMSIS/Include/core_cm7.h:2156:34:__NVIC_SystemReset	4	static,ignoring_inline_asm
C:\ST\STM32CubeIDE_1.19.0\STM32CubeIDE\plugins\com.st.stm32cube.ide.mcu.externaltools.gnu-tools-for-stm32.13.3.rel1.win32_1.0.0.202411081344\tools\bin/../lib/gcc/arm-none-eabi/13.3.1/../../../../arm-none-eabi/include/stdio.h:220:5:fputc	16	static
../Core/Src/main.c:141:6:HAL_TIM_PWM_PulseFinishedCallback	16	static
../Core/Src/main.c:146:6:ws2812_show	8	static
../Core/Src/main.c:156:6:led_rgb	88	static
../Core/Src/main.c:209:6:blink_rgb	8	static
../Core/Src/main.c:220:6:HAL_FDCAN_RxFifo0Callback	24	static
../Core/Src/main.c:241:6:Periodic_SD_save_task	4224	static
../Core/Src/main.c:415:5:main	16	static
../Core/Src/main.c:523:6:SystemClock_Config	120	static
../Core/Src/main.c:581:13:MX_FDCAN2_Init	8	static
../Core/Src/main.c:647:13:MX_SDMMC2_SD_Init	16	static
../Core/Src/main.c:701:13:MX_TIM2_Init	64	static
../Core/Src/main.c:756:13:MX_TIM3_Init	40	static
../Core/Src/main.c:799:13:MX_UART4_Init	8	static
../Core/Src/main.c:844:13:MX_USART1_UART_Init	8	static
../Core/Src/main.c:887:13:MX_DMA_Init	16	static
../Core/Src/main.c:904:13:MX_GPIO_Init	48	static
../Core/Src/main.c:971:6:StartDefaultTask	16	static
../Core/Src/main.c:982:6:MPU_Config	24	static
../Core/Src/main.c:1016:6:HAL_TIM_PeriodElapsedCallback	24	static,ignoring_inline_asm
../Core/Src/main.c:1039:6:Error_Handler	4	static,ignoring_inline_asm
