2026-06-01 16:35:51,039 [ERROR] LogOutputStream:75 - [STDERR_REDIRECT] 
2026-06-01 19:43:17,384 [INFO] Activator:176 - 


2026-06-01 19:43:17,387 [INFO] Activator:177 - !SESSION log4j initialized
2026-06-01 19:43:22,287 [INFO] LogOutputStream:77 - [STDOUT_REDIRECT] 
2026-06-01 19:43:26,641 [INFO] ApplicationProperties:184 - Using Application install path: C:\ST\STM32CubeIDE_1.19.0\STM32CubeIDE\plugins\com.st.stm32cube.common.mx_6.15.0.202507011659
2026-06-01 19:43:26,673 [INFO] DbMcusXml:78 - Set database path to: C:\ST\STM32CubeIDE_1.19.0\STM32CubeIDE\plugins\com.st.stm32cube.common.mx_6.15.0.202507011659\\db\/mcu/
2026-06-01 19:43:26,674 [INFO] ApiDb:274 - Set plugin database path to: C:\ST\STM32CubeIDE_1.19.0\STM32CubeIDE\plugins\com.st.stm32cube.common.mx_6.15.0.202507011659\\db\/plugins/boardmanager/
2026-06-01 19:43:26,675 [WARN] ApiDb:259 - Overriding images path with different value:  => C:\ST\STM32CubeIDE_1.19.0\STM32CubeIDE\plugins\com.st.stm32cube.common.mx_6.15.0.202507011659\\db\/plugins/mcufinder/images/
2026-06-01 19:43:26,686 [INFO] ApiDb:250 - Set database path to: C:\Users\corre\.stmcufinder\plugins\mcufinder//mcu/
2026-06-01 19:43:26,688 [INFO] DbMcusAds:125 - Set database path to: C:\Users\corre\.stmcufinder\plugins\mcufinder//mcu/
2026-06-01 19:43:26,693 [INFO] CrossReferenceDbSqlite:203 - Set database path to: C:\Users\corre\.stmcufinder\plugins\mcufinder//mcu/cs/
2026-06-01 19:43:26,875 [INFO] RulesReader:64 - Compatibility file has been processed (317 Rules)
2026-06-01 19:43:27,026 [INFO] DbMcusXml:78 - Set database path to: C:\ST\STM32CubeIDE_1.19.0\STM32CubeIDE\plugins\com.st.stm32cube.common.mx_6.15.0.202507011659\\db\/mcu/
2026-06-01 19:43:27,026 [INFO] ApiDb:274 - Set plugin database path to: C:\ST\STM32CubeIDE_1.19.0\STM32CubeIDE\plugins\com.st.stm32cube.common.mx_6.15.0.202507011659\\db\/plugins/boardmanager/
2026-06-01 19:43:27,026 [INFO] ApiDb:261 - Set plugin images path to: C:\ST\STM32CubeIDE_1.19.0\STM32CubeIDE\plugins\com.st.stm32cube.common.mx_6.15.0.202507011659\\db\/plugins/mcufinder/images/
2026-06-01 19:43:27,027 [WARN] DbFile:41 - Overriding database path with different value: C:\Users\corre\.stmcufinder\plugins\mcufinder/ => C:\Users\corre\.stmcufinder\plugins\mcufinder
2026-06-01 19:43:27,027 [INFO] ApiDb:250 - Set database path to: C:\Users\corre\.stmcufinder\plugins\mcufinder//mcu/
2026-06-01 19:43:27,027 [WARN] DbFile:41 - Overriding database path with different value: C:\Users\corre\.stmcufinder\plugins\mcufinder/ => C:\Users\corre\.stmcufinder\plugins\mcufinder
2026-06-01 19:43:27,027 [INFO] DbMcusAds:125 - Set database path to: C:\Users\corre\.stmcufinder\plugins\mcufinder//mcu/
2026-06-01 19:43:27,027 [WARN] DbFile:41 - Overriding database path with different value: C:\Users\corre\.stmcufinder\plugins\mcufinder/ => C:\Users\corre\.stmcufinder\plugins\mcufinder
2026-06-01 19:43:27,028 [WARN] DbFile:41 - Overriding database path with different value: C:\Users\corre\.stmcufinder\plugins\mcufinder/ => C:\Users\corre\.stmcufinder\plugins\mcufinder
2026-06-01 19:43:27,028 [INFO] CrossReferenceDbSqlite:203 - Set database path to: C:\Users\corre\.stmcufinder\plugins\mcufinder//mcu/cs/
2026-06-01 19:43:27,152 [INFO] MainPanel:274 - HeapMemory: 268435456
2026-06-01 19:43:27,331 [INFO] DbMcusXml:78 - Set database path to: C:\ST\STM32CubeIDE_1.19.0\STM32CubeIDE\plugins\com.st.stm32cube.common.mx_6.15.0.202507011659\\db\/mcu/
2026-06-01 19:43:27,331 [INFO] ApiDb:274 - Set plugin database path to: C:\ST\STM32CubeIDE_1.19.0\STM32CubeIDE\plugins\com.st.stm32cube.common.mx_6.15.0.202507011659\\db\/plugins/boardmanager/
2026-06-01 19:43:27,331 [INFO] ApiDb:261 - Set plugin images path to: C:\ST\STM32CubeIDE_1.19.0\STM32CubeIDE\plugins\com.st.stm32cube.common.mx_6.15.0.202507011659\\db\/plugins/mcufinder/images/
2026-06-01 19:43:27,331 [WARN] DbFile:41 - Overriding database path with different value: C:\Users\corre\.stmcufinder\plugins\mcufinder/ => C:\Users\corre\.stmcufinder\plugins\mcufinder
2026-06-01 19:43:27,331 [INFO] ApiDb:250 - Set database path to: C:\Users\corre\.stmcufinder\plugins\mcufinder//mcu/
2026-06-01 19:43:27,332 [WARN] DbFile:41 - Overriding database path with different value: C:\Users\corre\.stmcufinder\plugins\mcufinder/ => C:\Users\corre\.stmcufinder\plugins\mcufinder
2026-06-01 19:43:27,332 [INFO] DbMcusAds:125 - Set database path to: C:\Users\corre\.stmcufinder\plugins\mcufinder//mcu/
2026-06-01 19:43:27,332 [WARN] DbFile:41 - Overriding database path with different value: C:\Users\corre\.stmcufinder\plugins\mcufinder/ => C:\Users\corre\.stmcufinder\plugins\mcufinder
2026-06-01 19:43:27,332 [WARN] DbFile:41 - Overriding database path with different value: C:\Users\corre\.stmcufinder\plugins\mcufinder/ => C:\Users\corre\.stmcufinder\plugins\mcufinder
2026-06-01 19:43:27,332 [INFO] CrossReferenceDbSqlite:203 - Set database path to: C:\Users\corre\.stmcufinder\plugins\mcufinder//mcu/cs/
2026-06-01 19:43:27,369 [INFO] ApplicationProperties:184 - Using Application install path: C:\ST\STM32CubeIDE_1.19.0\STM32CubeIDE\plugins\com.st.stm32cube.common.mx_6.15.0.202507011659
2026-06-01 19:43:27,372 [INFO] PluginManage:196 - Search for loadable plugins [exclusion list=, ]
2026-06-01 19:43:27,375 [INFO] PluginManage:310 - Check plugin analytics
2026-06-01 19:43:27,718 [INFO] AnalyticsPlugin:253 - Accepted Software Licenses: STM32CubeMX.6.6.1,STM32CubeMX.6.16.1
2026-06-01 19:43:27,719 [INFO] AnalyticsPlugin:255 - Accepted CMSIS Pack Licenses: STMicroelectronics.X-CUBE-TOUCHGFX.4.22.1,STMicroelectronics.X-CUBE-TOUCHGFX.4.25.0
2026-06-01 19:43:27,720 [INFO] AnalyticsPlugin:257 - Accepted Firmware Licenses: FW.F4.1.27.0,FW.G0.1.6.0,FW.C0.1.1.0,FW.WB.1.18.0,FW.F4.1.28.0,FW.H7.1.11.0,FW.H7.1.10.0,FW.G4.1.5.0,FW.WL.1.3.0,FW.H7.1.12.0,FW.U5.1.8.0
2026-06-01 19:43:27,724 [INFO] PluginManage:359 - Loaded plugin analytics (category:tool,tabindex:-1)
2026-06-01 19:43:27,725 [INFO] PluginManage:310 - Check plugin cadmodel
2026-06-01 19:43:27,738 [INFO] CADModel:105 - Init CAD model plugin
2026-06-01 19:43:27,739 [INFO] PluginManage:359 - Loaded plugin cadmodel (category:power,tabindex:5)
2026-06-01 19:43:27,739 [INFO] PluginManage:310 - Check plugin clock
2026-06-01 19:43:27,758 [INFO] PluginManage:359 - Loaded plugin clock (category:base,tabindex:2)
2026-06-01 19:43:27,759 [INFO] PluginManage:310 - Check plugin ddr
2026-06-01 19:43:27,764 [INFO] PluginManage:359 - Loaded plugin ddr (category:tool,tabindex:6)
2026-06-01 19:43:27,764 [INFO] PluginManage:310 - Check plugin filemanager
2026-06-01 19:43:28,075 [INFO] PluginManage:359 - Loaded plugin filemanager (category:base,tabindex:10)
2026-06-01 19:43:28,076 [INFO] PluginManage:310 - Check plugin ipmanager
2026-06-01 19:43:28,089 [INFO] PluginManage:359 - Loaded plugin ipmanager (category:base,tabindex:5)
2026-06-01 19:43:28,090 [INFO] PluginManage:310 - Check plugin lpbam
2026-06-01 19:43:28,101 [INFO] PluginManage:359 - Loaded plugin lpbam (category:base,tabindex:0)
2026-06-01 19:43:28,102 [INFO] PluginManage:310 - Check plugin memorymap
2026-06-01 19:43:28,122 [INFO] PluginManage:359 - Loaded plugin memorymap (category:base,tabindex:4)
2026-06-01 19:43:28,123 [INFO] PluginManage:310 - Check plugin pinoutandconfiguration
2026-06-01 19:43:28,139 [INFO] PluginManage:359 - Loaded plugin pinoutandconfiguration (category:base,tabindex:1)
2026-06-01 19:43:28,140 [INFO] PluginManage:310 - Check plugin pinoutconfig
2026-06-01 19:43:28,271 [WARN] SupportedApi:132 - Cannot load RTOS API schema: s4s-elt-must-match.1: The content of 'definitions' must match (annotation?, (simpleType | complexType)?, (unique | key | keyref)*)). A problem was found starting at: attribute.
2026-06-01 19:43:28,454 [INFO] PluginManage:359 - Loaded plugin pinoutconfig (category:base,tabindex:0)
2026-06-01 19:43:28,454 [INFO] PluginManage:310 - Check plugin power
2026-06-01 19:43:28,467 [INFO] PluginManage:359 - Loaded plugin power (category:power,tabindex:4)
2026-06-01 19:43:28,468 [INFO] PluginManage:310 - Check plugin projectmanager
2026-06-01 19:43:28,486 [INFO] PluginManage:359 - Loaded plugin projectmanager (category:projectmanager,tabindex:4)
2026-06-01 19:43:28,486 [INFO] PluginManage:310 - Check plugin rif
2026-06-01 19:43:28,499 [INFO] PluginManage:359 - Loaded plugin rif (category:base,tabindex:3)
2026-06-01 19:43:28,499 [INFO] PluginManage:310 - Check plugin thirdparty
2026-06-01 19:43:28,686 [INFO] PluginManage:359 - Loaded plugin thirdparty (category:base,tabindex:-1)
2026-06-01 19:43:28,687 [INFO] PluginManage:310 - Check plugin tools
2026-06-01 19:43:28,686 [WARN] IntegrityCheckThread:84 - waiting for thirdparty lock release [integrity check]
2026-06-01 19:43:28,687 [INFO] IntegrityCheckThread:86 - entering critical section [integrity check]
2026-06-01 19:43:28,688 [INFO] ThirdPartyUpdaterWithRetryManager:70 - Updater plugin not ready yet. [1/15]
2026-06-01 19:43:28,692 [INFO] PluginManage:359 - Loaded plugin tools (category:base,tabindex:7)
2026-06-01 19:43:28,692 [INFO] PluginManage:310 - Check plugin tutovideos
2026-06-01 19:43:28,949 [INFO] PluginManage:359 - Loaded plugin tutovideos (category:base,tabindex:-1)
2026-06-01 19:43:28,949 [INFO] PluginManage:310 - Check plugin updater
2026-06-01 19:43:28,972 [INFO] PluginManage:359 - Loaded plugin updater (category:base,tabindex:12)
2026-06-01 19:43:28,973 [INFO] PluginManage:310 - Check plugin userauth
2026-06-01 19:43:28,978 [INFO] UserAuth:118 - Init User Auth plugin
2026-06-01 19:43:28,979 [INFO] PluginManage:359 - Loaded plugin userauth (category:base,tabindex:14)
2026-06-01 19:43:28,979 [INFO] PluginManage:283 - PluginManage : Loaded plugins [18]
2026-06-01 19:43:29,240 [INFO] PinOutPanel:1589 - setPackage(No Configuration,No Configuration)
2026-06-01 19:43:29,347 [INFO] CADModel:165 - CPN selected for project level
2026-06-01 19:43:29,347 [INFO] CADModel:114 - Register for checkConnection events
2026-06-01 19:43:29,365 [INFO] IPUIPlugin:80 - create IPUIPlugin
2026-06-01 19:43:29,365 [INFO] PluginManager:220 - loadIPPluginJar : add adc
2026-06-01 19:43:29,369 [INFO] IPUIPlugin:80 - create IPUIPlugin
2026-06-01 19:43:29,369 [INFO] PluginManager:220 - loadIPPluginJar : add aes
2026-06-01 19:43:29,372 [INFO] IPUIPlugin:80 - create IPUIPlugin
2026-06-01 19:43:29,373 [INFO] PluginManager:220 - loadIPPluginJar : add can
2026-06-01 19:43:29,375 [INFO] IPUIPlugin:80 - create IPUIPlugin
2026-06-01 19:43:29,375 [INFO] PluginManager:220 - loadIPPluginJar : add comp
2026-06-01 19:43:29,379 [INFO] IPUIPlugin:80 - create IPUIPlugin
2026-06-01 19:43:29,380 [INFO] PluginManager:220 - loadIPPluginJar : add cryp
2026-06-01 19:43:29,384 [INFO] IPUIPlugin:80 - create IPUIPlugin
2026-06-01 19:43:29,385 [INFO] PluginManager:220 - loadIPPluginJar : add ddr_ctrl_phy
2026-06-01 19:43:29,389 [INFO] IPUIPlugin:80 - create IPUIPlugin
2026-06-01 19:43:29,389 [INFO] PluginManager:220 - loadIPPluginJar : add dfsdm
2026-06-01 19:43:29,396 [INFO] IPUIPlugin:80 - create IPUIPlugin
2026-06-01 19:43:29,396 [INFO] PluginManager:220 - loadIPPluginJar : add dma
2026-06-01 19:43:29,402 [INFO] IPUIPlugin:80 - create IPUIPlugin
2026-06-01 19:43:29,402 [INFO] PluginManager:220 - loadIPPluginJar : add dma3
2026-06-01 19:43:29,405 [INFO] IPUIPlugin:80 - create IPUIPlugin
2026-06-01 19:43:29,406 [INFO] PluginManager:220 - loadIPPluginJar : add extmemmanager
2026-06-01 19:43:29,408 [INFO] IPUIPlugin:80 - create IPUIPlugin
2026-06-01 19:43:29,408 [INFO] PluginManager:220 - loadIPPluginJar : add fatfs
2026-06-01 19:43:29,413 [INFO] IPUIPlugin:80 - create IPUIPlugin
2026-06-01 19:43:29,413 [INFO] PluginManager:220 - loadIPPluginJar : add fmc
2026-06-01 19:43:29,422 [INFO] IPUIPlugin:80 - create IPUIPlugin
2026-06-01 19:43:29,422 [INFO] PluginManager:220 - loadIPPluginJar : add freertos
2026-06-01 19:43:29,424 [INFO] IPUIPlugin:80 - create IPUIPlugin
2026-06-01 19:43:29,424 [INFO] PluginManager:220 - loadIPPluginJar : add genericplugin
2026-06-01 19:43:29,427 [INFO] IPUIPlugin:80 - create IPUIPlugin
2026-06-01 19:43:29,428 [INFO] PluginManager:220 - loadIPPluginJar : add gfxmmu
2026-06-01 19:43:29,433 [INFO] IPUIPlugin:80 - create IPUIPlugin
2026-06-01 19:43:29,434 [INFO] PluginManager:220 - loadIPPluginJar : add gic
2026-06-01 19:43:29,439 [INFO] IPUIPlugin:80 - create IPUIPlugin
2026-06-01 19:43:29,440 [INFO] PluginManager:220 - loadIPPluginJar : add gpio
2026-06-01 19:43:29,443 [INFO] IPUIPlugin:80 - create IPUIPlugin
2026-06-01 19:43:29,444 [INFO] PluginManager:220 - loadIPPluginJar : add gtzc
2026-06-01 19:43:29,447 [INFO] IPUIPlugin:80 - create IPUIPlugin
2026-06-01 19:43:29,448 [INFO] PluginManager:220 - loadIPPluginJar : add hash
2026-06-01 19:43:29,452 [INFO] IPUIPlugin:80 - create IPUIPlugin
2026-06-01 19:43:29,452 [INFO] PluginManager:220 - loadIPPluginJar : add i2c
2026-06-01 19:43:29,456 [INFO] IPUIPlugin:80 - create IPUIPlugin
2026-06-01 19:43:29,457 [INFO] PluginManager:220 - loadIPPluginJar : add i2s
2026-06-01 19:43:29,460 [INFO] IPUIPlugin:80 - create IPUIPlugin
2026-06-01 19:43:29,461 [INFO] PluginManager:220 - loadIPPluginJar : add i3c
2026-06-01 19:43:29,465 [INFO] IPUIPlugin:80 - create IPUIPlugin
2026-06-01 19:43:29,465 [INFO] PluginManager:220 - loadIPPluginJar : add ipddr
2026-06-01 19:43:29,474 [INFO] IPUIPlugin:80 - create IPUIPlugin
2026-06-01 19:43:29,474 [INFO] PluginManager:220 - loadIPPluginJar : add linkedlist
2026-06-01 19:43:29,479 [INFO] IPUIPlugin:80 - create IPUIPlugin
2026-06-01 19:43:29,479 [INFO] PluginManager:220 - loadIPPluginJar : add lorawan
2026-06-01 19:43:29,483 [INFO] IPUIPlugin:80 - create IPUIPlugin
2026-06-01 19:43:29,483 [INFO] PluginManager:220 - loadIPPluginJar : add ltdc
2026-06-01 19:43:29,491 [INFO] IPUIPlugin:80 - create IPUIPlugin
2026-06-01 19:43:29,491 [INFO] PluginManager:220 - loadIPPluginJar : add mdma
2026-06-01 19:43:29,497 [INFO] IPUIPlugin:80 - create IPUIPlugin
2026-06-01 19:43:29,497 [INFO] PluginManager:220 - loadIPPluginJar : add nvic
2026-06-01 19:43:29,501 [INFO] IPUIPlugin:80 - create IPUIPlugin
2026-06-01 19:43:29,501 [INFO] PluginManager:220 - loadIPPluginJar : add opamp
2026-06-01 19:43:29,505 [INFO] IPUIPlugin:80 - create IPUIPlugin
2026-06-01 19:43:29,505 [INFO] PluginManager:220 - loadIPPluginJar : add openamp
2026-06-01 19:43:29,510 [INFO] IPUIPlugin:80 - create IPUIPlugin
2026-06-01 19:43:29,510 [INFO] PluginManager:220 - loadIPPluginJar : add pdm2pcm
2026-06-01 19:43:29,517 [INFO] IPUIPlugin:80 - create IPUIPlugin
2026-06-01 19:43:29,520 [INFO] PluginManager:220 - loadIPPluginJar : add plateformsettings
2026-06-01 19:43:29,524 [INFO] IPUIPlugin:80 - create IPUIPlugin
2026-06-01 19:43:29,525 [INFO] PluginManager:220 - loadIPPluginJar : add quadspi
2026-06-01 19:43:29,529 [INFO] IPUIPlugin:80 - create IPUIPlugin
2026-06-01 19:43:29,530 [INFO] PluginManager:220 - loadIPPluginJar : add radio
2026-06-01 19:43:29,535 [INFO] IPUIPlugin:80 - create IPUIPlugin
2026-06-01 19:43:29,536 [INFO] PluginManager:220 - loadIPPluginJar : add resmgrutility
2026-06-01 19:43:29,539 [INFO] IPUIPlugin:80 - create IPUIPlugin
2026-06-01 19:43:29,540 [INFO] PluginManager:220 - loadIPPluginJar : add sai
2026-06-01 19:43:29,543 [INFO] IPUIPlugin:80 - create IPUIPlugin
2026-06-01 19:43:29,543 [INFO] PluginManager:220 - loadIPPluginJar : add spi
2026-06-01 19:43:29,552 [INFO] IPUIPlugin:80 - create IPUIPlugin
2026-06-01 19:43:29,552 [INFO] PluginManager:220 - loadIPPluginJar : add stm32_wpan
2026-06-01 19:43:29,556 [INFO] IPUIPlugin:80 - create IPUIPlugin
2026-06-01 19:43:29,556 [INFO] PluginManager:220 - loadIPPluginJar : add tim
2026-06-01 19:43:29,561 [INFO] IPUIPlugin:80 - create IPUIPlugin
2026-06-01 19:43:29,562 [INFO] PluginManager:220 - loadIPPluginJar : add touchsensing
2026-06-01 19:43:29,565 [INFO] IPUIPlugin:80 - create IPUIPlugin
2026-06-01 19:43:29,566 [INFO] PluginManager:220 - loadIPPluginJar : add tracer_emb
2026-06-01 19:43:29,571 [INFO] IPUIPlugin:80 - create IPUIPlugin
2026-06-01 19:43:29,571 [INFO] PluginManager:220 - loadIPPluginJar : add ts
2026-06-01 19:43:29,576 [INFO] IPUIPlugin:80 - create IPUIPlugin
2026-06-01 19:43:29,576 [INFO] PluginManager:220 - loadIPPluginJar : add tsc
2026-06-01 19:43:29,581 [INFO] IPUIPlugin:80 - create IPUIPlugin
2026-06-01 19:43:29,582 [INFO] PluginManager:220 - loadIPPluginJar : add ucpd
2026-06-01 19:43:29,589 [INFO] IPUIPlugin:80 - create IPUIPlugin
2026-06-01 19:43:29,589 [INFO] PluginManager:220 - loadIPPluginJar : add usart
2026-06-01 19:43:29,596 [INFO] IPUIPlugin:80 - create IPUIPlugin
2026-06-01 19:43:29,596 [INFO] PluginManager:220 - loadIPPluginJar : add usbx
2026-06-01 19:43:29,745 [FATAL] Updater:351 - Updater called before beeing initialized
2026-06-01 19:43:29,782 [INFO] RulesReader:64 - Compatibility file has been processed (317 Rules)
2026-06-01 19:43:29,798 [INFO] RulesReader:64 - Compatibility file has been processed (317 Rules)
2026-06-01 19:43:29,808 [INFO] CADModel:165 - CPN selected for project level
2026-06-01 19:43:29,808 [INFO] CADModel:114 - Register for checkConnection events
2026-06-01 19:43:29,808 [FATAL] Updater:351 - Updater called before beeing initialized
2026-06-01 19:43:29,808 [ERROR] CADModel:125 - Updater not yet initialized, retry later 
2026-06-01 19:43:29,994 [FATAL] Updater:351 - Updater called before beeing initialized
2026-06-01 19:43:29,997 [INFO] CADModel:165 - CPN selected for project level
2026-06-01 19:43:29,997 [INFO] CADModel:114 - Register for checkConnection events
2026-06-01 19:43:29,997 [FATAL] Updater:351 - Updater called before beeing initialized
2026-06-01 19:43:29,997 [ERROR] CADModel:125 - Updater not yet initialized, retry later 
2026-06-01 19:43:30,002 [FATAL] Updater:351 - Updater called before beeing initialized
2026-06-01 19:43:30,136 [FATAL] Updater:351 - Updater called before beeing initialized
2026-06-01 19:43:30,141 [INFO] DbMcusAds:53 - JSON generation date=Thu May 28 13:08:16 BRT 2026 (1779984496559)
2026-06-01 19:43:30,141 [FATAL] Updater:351 - Updater called before beeing initialized
2026-06-01 19:43:30,189 [WARN] DetailPanel:346 - Failed to get advertising image, set to default
2026-06-01 19:43:30,302 [FATAL] Updater:351 - Updater called before beeing initialized
2026-06-01 19:43:30,304 [FATAL] Updater:351 - Updater called before beeing initialized
2026-06-01 19:43:30,304 [FATAL] Updater:351 - Updater called before beeing initialized
2026-06-01 19:43:30,305 [WARN] DetailPanel:346 - Failed to get advertising image, set to default
2026-06-01 19:43:30,305 [FATAL] Updater:351 - Updater called before beeing initialized
2026-06-01 19:43:30,359 [ERROR] Updater:1198 - MainUpdater not yet initialized. External WinMGr cannot be set.
2026-06-01 19:43:30,362 [INFO] Updater:1134 - Updater Version found : 6.15.0
2026-06-01 19:43:30,381 [INFO] ApplicationProperties:184 - Using Application install path: C:\ST\STM32CubeIDE_1.19.0\STM32CubeIDE\plugins\com.st.stm32cube.common.mx_6.15.0.202507011659
2026-06-01 19:43:30,924 [INFO] MainUpdater:2872 - connection check result : 10
2026-06-01 19:43:30,926 [INFO] MainUpdater:289 - Updater Check For Update Now.
2026-06-01 19:43:30,926 [INFO] MicroXplorer:498 - Change Database Version : DB.6.0.150
2026-06-01 19:43:30,940 [INFO] McuFinderGlobals:63 - Set McuFinder mode to 2 (CubeIDE integrated)
2026-06-01 19:43:30,940 [INFO] UserAuth:171 - activating auth plugin
2026-06-01 19:43:30,955 [INFO] UserAuth:487 - Internet connection configuration mode: 1
2026-06-01 19:43:31,011 [INFO] JxBrowserEngine:152 - Initiate JxBrowser Engine with user profile folder
2026-06-01 19:43:31,192 [INFO] CheckServerUpdateThread:120 - End of CheckServer Thread
2026-06-01 19:43:32,562 [WARN] PackLoader:240 - Cannot read IP mode file for STMicroelectronics.X-CUBE-AZRTOS-H7.3.5.0
2026-06-01 19:43:32,598 [WARN] PackLoader:240 - Cannot read IP mode file for STMicroelectronics.FP-SNS-MOTENVWB1.1.4.0
2026-06-01 19:43:32,615 [WARN] PackLoader:240 - Cannot read IP mode file for STMicroelectronics.FP-ATR-ASTRA1.2.0.2
2026-06-01 19:43:32,632 [WARN] PackLoader:240 - Cannot read IP mode file for STMicroelectronics.X-CUBE-SMBUS.2.1.0
2026-06-01 19:43:32,679 [WARN] PackLoader:240 - Cannot read IP mode file for STMicroelectronics.X-CUBE-AZRTOS-F7.1.1.0
2026-06-01 19:43:32,709 [WARN] PackLoader:240 - Cannot read IP mode file for WES.I-CUBE-Cesium.1.4.0
2026-06-01 19:43:32,757 [WARN] PackLoader:240 - Cannot read IP mode file for STMicroelectronics.X-CUBE-AZRTOS-H7.3.4.0
2026-06-01 19:43:32,780 [WARN] PackLoader:240 - Cannot read IP mode file for STMicroelectronics.X-CUBE-DISPLAY.3.0.0
2026-06-01 19:43:32,788 [INFO] WebApp:169 - Instantiating new browser for Auth
2026-06-01 19:43:32,807 [WARN] PackLoader:240 - Cannot read IP mode file for STMicroelectronics.X-CUBE-GNSS1.7.1.1
2026-06-01 19:43:32,816 [WARN] PackLoader:240 - Cannot read IP mode file for STMicroelectronics.FP-SNS-MOTENVWB1.1.5.0
2026-06-01 19:43:32,858 [WARN] PackLoader:240 - Cannot read IP mode file for STMicroelectronics.X-CUBE-NFC10.1.0.0
2026-06-01 19:43:32,892 [WARN] PackLoader:240 - Cannot read IP mode file for STMicroelectronics.X-CUBE-ST60.1.1.0
2026-06-01 19:43:32,917 [WARN] PackLoader:240 - Cannot read IP mode file for emotas.I-CUBE-CANOPEN.1.3.0
2026-06-01 19:43:32,927 [WARN] PackLoader:240 - Cannot read IP mode file for STMicroelectronics.X-CUBE-GNSS1.7.1.0
2026-06-01 19:43:32,947 [WARN] PackLoader:240 - Cannot read IP mode file for STMicroelectronics.FP-SNS-STBOX1.2.1.0
2026-06-01 19:43:32,964 [WARN] PackLoader:240 - Cannot read IP mode file for STMicroelectronics.FP-SNS-SMARTAG2.1.2.0
2026-06-01 19:43:32,974 [WARN] PackLoader:240 - Cannot read IP mode file for STMicroelectronics.FP-SNS-FLIGHT1.5.1.0
2026-06-01 19:43:33,011 [INFO] LogOutputStream:77 - [STDOUT_REDIRECT] 1 : Invalid condition id : UX_CORESTACK_Condition cause : null
2026-06-01 19:43:33,021 [INFO] LogOutputStream:77 - [STDOUT_REDIRECT] 1 : Invalid condition id : UX_CORESTACK_Condition cause : null
2026-06-01 19:43:33,032 [INFO] LogOutputStream:77 - [STDOUT_REDIRECT] 1 : Invalid condition id : UX_CORESTACK_Condition cause : null
2026-06-01 19:43:33,046 [INFO] LogOutputStream:77 - [STDOUT_REDIRECT] 1 : Invalid condition id : UX_CORESTACK_Condition cause : null
2026-06-01 19:43:33,062 [INFO] LogOutputStream:77 - [STDOUT_REDIRECT] 1 : Invalid condition id : UX_CORESTACK_Condition cause : null
2026-06-01 19:43:33,080 [WARN] PackLoader:240 - Cannot read IP mode file for STMicroelectronics.X-CUBE-AZRTOS-WL.2.0.0
2026-06-01 19:43:33,130 [WARN] PackLoader:240 - Cannot read IP mode file for STMicroelectronics.X-CUBE-AZRTOS-H7RS.1.2.0
2026-06-01 19:43:33,145 [WARN] PackLoader:240 - Cannot read IP mode file for STMicroelectronics.X-CUBE-BLE2.3.3.0
2026-06-01 19:43:33,215 [WARN] PackLoader:240 - Cannot read IP mode file for Infineon.AIROC-Wi-Fi-Bluetooth-STM32.1.8.0
2026-06-01 19:43:33,235 [WARN] PackLoader:240 - Cannot read IP mode file for STMicroelectronics.X-CUBE-NFC9.1.0.0
2026-06-01 19:43:33,246 [WARN] PackLoader:240 - Cannot read IP mode file for STMicroelectronics.X-CUBE-BLE1.7.1.0
2026-06-01 19:43:33,256 [WARN] PackLoader:240 - Cannot read IP mode file for wolfSSL.I-CUBE-wolfMQTT.1.19.2
2026-06-01 19:43:33,267 [WARN] PackLoader:240 - Cannot read IP mode file for STMicroelectronics.X-CUBE-FREERTOS.1.4.0
2026-06-01 19:43:33,280 [WARN] PackLoader:240 - Cannot read IP mode file for STMicroelectronics.X-CUBE-EEPRMA1.5.2.0
2026-06-01 19:43:33,291 [WARN] PackLoader:240 - Cannot read IP mode file for wolfSSL.I-CUBE-wolfSSL.5.8.4
2026-06-01 19:43:33,300 [WARN] PackLoader:240 - Cannot read IP mode file for Cesanta.I-CUBE-Mongoose.7.20.0
2026-06-01 19:43:33,318 [WARN] PackLoader:240 - Cannot read IP mode file for STMicroelectronics.FP-SNS-STAIOTCFT.1.1.0
2026-06-01 19:43:33,417 [WARN] PackLoader:240 - Cannot read IP mode file for STMicroelectronics.X-CUBE-MEMS1.12.0.0
2026-06-01 19:43:33,578 [WARN] PackLoader:240 - Cannot read IP mode file for STMicroelectronics.X-CUBE-AZRTOS-G0.1.1.0
2026-06-01 19:43:33,592 [WARN] PackLoader:240 - Cannot read IP mode file for STMicroelectronics.X-CUBE-NFC4.3.0.0
2026-06-01 19:43:33,610 [WARN] PackLoader:240 - Cannot read IP mode file for EmbeddedOffice.I-CUBE-FS-RTOS.1.0.1
2026-06-01 19:43:33,620 [WARN] PackLoader:240 - Cannot read IP mode file for STMicroelectronics.X-CUBE-WB05N.2.0.0
2026-06-01 19:43:33,629 [WARN] PackLoader:240 - Cannot read IP mode file for wolfSSL.I-CUBE-wolfTPM.3.8.0
2026-06-01 19:43:33,640 [WARN] PackLoader:240 - Cannot read IP mode file for STMicroelectronics.X-CUBE-TCPP.4.2.0
2026-06-01 19:43:33,653 [WARN] PackLoader:240 - Cannot read IP mode file for RealThread.X-CUBE-RT-Thread_Nano.4.1.1
2026-06-01 19:43:33,663 [WARN] PackLoader:240 - Cannot read IP mode file for STMicroelectronics.FP-ATR-SIGFOX1.3.2.0
2026-06-01 19:43:33,676 [WARN] PackLoader:240 - Cannot read IP mode file for STMicroelectronics.X-CUBE-FREERTOS.1.5.0
2026-06-01 19:43:33,687 [WARN] PackLoader:240 - Cannot read IP mode file for ITTIA_DB.I-CUBE-ITTIADB.8.9.0
2026-06-01 19:43:33,700 [WARN] PackLoader:240 - Cannot read IP mode file for STMicroelectronics.X-CUBE-NFC6.3.2.0
2026-06-01 19:43:33,711 [WARN] PackLoader:240 - Cannot read IP mode file for STMicroelectronics.X-CUBE-AI.10.2.0
2026-06-01 19:43:33,793 [WARN] PackLoader:240 - Cannot read IP mode file for STMicroelectronics.X-CUBE-MEMS1.12.1.0
2026-06-01 19:43:34,158 [WARN] PackLoader:240 - Cannot read IP mode file for SEGGER.I-CUBE-embOS.1.3.1
2026-06-01 19:43:34,222 [WARN] PackLoader:240 - Cannot read IP mode file for STMicroelectronics.X-CUBE-ALGOBUILD.1.4.0
2026-06-01 19:43:34,231 [WARN] PackLoader:240 - Cannot read IP mode file for STMicroelectronics.X-CUBE-PM33A1.1.0.0
2026-06-01 19:43:34,259 [WARN] PackLoader:240 - Cannot read IP mode file for STMicroelectronics.X-CUBE-AZRTOS-F4.1.1.0
2026-06-01 19:43:34,270 [WARN] PackLoader:240 - Cannot read IP mode file for STMicroelectronics.X-CUBE-ISPU.2.1.0
2026-06-01 19:43:34,294 [WARN] PackLoader:240 - Cannot read IP mode file for STMicroelectronics.X-CUBE-IPS.3.2.0
2026-06-01 19:43:34,324 [WARN] PackLoader:240 - Cannot read IP mode file for STMicroelectronics.eDS-WB_DPC_TT-BIDIR.2.1.1
2026-06-01 19:43:34,336 [WARN] PackLoader:240 - Cannot read IP mode file for STMicroelectronics.X-CUBE-NFC12.1.0.0
2026-06-01 19:43:34,360 [WARN] PackLoader:240 - Cannot read IP mode file for STMicroelectronics.X-CUBE-AZRTOS-L5.2.0.0
2026-06-01 19:43:34,372 [WARN] PackLoader:240 - Cannot read IP mode file for STMicroelectronics.X-CUBE-ALGOBUILD.1.5.0
2026-06-01 19:43:34,382 [WARN] PackLoader:240 - Cannot read IP mode file for STMicroelectronics.eDS-WB_DPC_VIENNA.1.2.0
2026-06-01 19:43:34,390 [WARN] PackLoader:240 - Cannot read IP mode file for STMicroelectronics.eDS-WB_DPC_3PH2L-BIDIR.1.1.1
2026-06-01 19:43:34,396 [ERROR] Engine:466 - C:\Users\corre\.stm32cubemx\thirdparties\pdsc\STMicroelectronics.X-CUBE-ST67W61.1.3.0.pdsc: PDSC version is not supported
2026-06-01 19:43:34,404 [WARN] PackLoader:240 - Cannot read IP mode file for STMicroelectronics.X-CUBE-TOUCHGFX.4.26.0
2026-06-01 19:43:34,411 [WARN] PackLoader:240 - Cannot read IP mode file for STMicroelectronics.X-CUBE-TOUCHGFX.4.26.1
2026-06-01 19:43:34,418 [WARN] PackLoader:240 - Cannot read IP mode file for STMicroelectronics.FP-SNS-STAIOTCFT.1.0.0
2026-06-01 19:43:34,427 [WARN] PackLoader:240 - Cannot read IP mode file for STMicroelectronics.X-CUBE-DPower.1.3.0
2026-06-01 19:43:34,448 [WARN] ConditionMgr:438 - getConditionDescription Invalid condition id : LAN8742 Phy interface Condition cause : null
2026-06-01 19:43:34,449 [WARN] PackLoader:240 - Cannot read IP mode file for STMicroelectronics.X-CUBE-AZRTOS-L4.2.0.0
2026-06-01 19:43:34,450 [WARN] ConditionMgr:1044 - genDependencies : Invalid condition id : LAN8742 Phy interface Condition cause : null
2026-06-01 19:43:34,451 [WARN] ConditionMgr:1044 - genDependencies : Invalid condition id : LAN8742 Phy interface Condition cause : null
2026-06-01 19:43:34,451 [WARN] ConditionMgr:1044 - genDependencies : Invalid condition id : LAN8742 Phy interface Condition cause : null
2026-06-01 19:43:34,463 [WARN] PackLoader:240 - Cannot read IP mode file for STMicroelectronics.X-CUBE-SFXS2LP1.4.0.0
2026-06-01 19:43:34,473 [WARN] PackLoader:240 - Cannot read IP mode file for STMicroelectronics.X-CUBE-WB05N.2.1.0
2026-06-01 19:43:34,487 [WARN] PackLoader:240 - Cannot read IP mode file for STMicroelectronics.X-CUBE-ST67W61.1.2.0
2026-06-01 19:43:34,506 [WARN] PackLoader:240 - Cannot read IP mode file for STMicroelectronics.X-CUBE-BLEMGR.4.1.0
2026-06-01 19:43:34,543 [WARN] ConditionMgr:438 - getConditionDescription Invalid condition id : UX DEVICE CLASS RTOS Condition cause : null
2026-06-01 19:43:34,544 [WARN] ConditionMgr:438 - getConditionDescription Invalid condition id : UX DEVICE CLASS RTOS Condition cause : null
2026-06-01 19:43:34,554 [WARN] PackLoader:240 - Cannot read IP mode file for STMicroelectronics.X-CUBE-AZRTOS-WB.2.0.0
2026-06-01 19:43:34,587 [WARN] ConditionMgr:1044 - genDependencies : Invalid condition id : UX DEVICE CLASS RTOS Condition cause : null
2026-06-01 19:43:34,608 [WARN] ConditionMgr:1044 - genDependencies : Invalid condition id : UX DEVICE CLASS RTOS Condition cause : null
2026-06-01 19:43:34,615 [WARN] ConditionMgr:1044 - genDependencies : Invalid condition id : UX DEVICE CLASS RTOS Condition cause : null
2026-06-01 19:43:34,617 [WARN] ConditionMgr:1044 - genDependencies : Invalid condition id : UX DEVICE CLASS RTOS Condition cause : null
2026-06-01 19:43:34,617 [WARN] ConditionMgr:1044 - genDependencies : Invalid condition id : UX DEVICE CLASS RTOS Condition cause : null
2026-06-01 19:43:34,648 [WARN] ConditionMgr:438 - getConditionDescription Invalid condition id : Cortex-A Device cause : null
2026-06-01 19:43:34,675 [WARN] ConditionMgr:1044 - genDependencies : Invalid condition id : Cortex-A Device cause : null
2026-06-01 19:43:34,676 [WARN] ConditionMgr:1044 - genDependencies : Invalid condition id : Cortex-A Device cause : null
2026-06-01 19:43:34,676 [WARN] ConditionMgr:1044 - genDependencies : Invalid condition id : Cortex-A Device cause : null
2026-06-01 19:43:34,724 [WARN] PackLoader:240 - Cannot read IP mode file for STMicroelectronics.X-CUBE-STSE01.2.0.0
2026-06-01 19:43:34,758 [WARN] PackLoader:240 - Cannot read IP mode file for STMicroelectronics.X-CUBE-SUBG2.5.0.0
2026-06-01 19:43:34,791 [WARN] PackLoader:240 - Cannot read IP mode file for STMicroelectronics.X-CUBE-AZRTOS-G4.2.0.0
2026-06-01 19:43:34,802 [WARN] PackLoader:240 - Cannot read IP mode file for wolfSSL.I-CUBE-wolfSSH.1.4.20
2026-06-01 19:43:34,814 [WARN] PackLoader:240 - Cannot read IP mode file for STMicroelectronics.X-CUBE-NFC7.2.0.0
2026-06-01 19:43:34,826 [WARN] PackLoader:240 - Cannot read IP mode file for STMicroelectronics.X-CUBE-ALS.1.0.2
2026-06-01 19:43:34,852 [WARN] PackLoader:240 - Cannot read IP mode file for STMicroelectronics.X-CUBE-TOF1.3.4.3
2026-06-01 19:43:34,868 [INFO] ThirdParty:978 - Integrity check success = true
2026-06-01 19:43:34,868 [INFO] IntegrityCheckThread:100 - exiting critical section [integrity check]
2026-06-01 19:43:34,868 [INFO] IntegrityCheckThread:103 - End integrity checks thread
2026-06-01 19:43:34,949 [INFO] WebApp:463 - Apply proxy settings
2026-06-01 19:43:34,949 [INFO] WebApp:548 - Chromium requires no authentication
2026-06-01 19:43:34,974 [INFO] WebApp:491 - Direct internet connection detected
2026-06-01 19:43:35,027 [INFO] WebApp:900 - Register for checkConnection events
2026-06-01 19:43:35,028 [INFO] WebApp:463 - Apply proxy settings
2026-06-01 19:43:35,028 [INFO] WebApp:548 - Chromium requires no authentication
2026-06-01 19:43:35,029 [INFO] WebApp:491 - Direct internet connection detected
2026-06-01 19:43:35,338 [INFO] WebApp:225 - Starting web application
2026-06-01 19:43:35,338 [INFO] WebApp:593 - Web application path used C:\ST\STM32CubeIDE_1.19.0\STM32CubeIDE\plugins\com.st.stm32cube.common.mx_6.15.0.202507011659\db\plugins\mcufinder\reactClient1\index.html
2026-06-01 19:43:35,385 [INFO] WebApp:191 - Connection restablished
2026-06-01 19:45:18,308 [ERROR] LogOutputStream:75 - [STDERR_REDIRECT] 
